Component: Arm Compiler for Embedded 6.19 Tool: armlink [5e73cb00]

==============================================================================

Section Cross References

    startup_tm4c123.o(STACK) refers (Special) to heapauxi.o(.text) for __use_two_region_memory
    startup_tm4c123.o(HEAP) refers (Special) to heapauxi.o(.text) for __use_two_region_memory
    startup_tm4c123.o(RESET) refers (Special) to heapauxi.o(.text) for __use_two_region_memory
    startup_tm4c123.o(RESET) refers to startup_tm4c123.o(STACK) for __initial_sp
    startup_tm4c123.o(RESET) refers to startup_tm4c123.o(.text) for Reset_Handler
    startup_tm4c123.o(RESET) refers to uart.o(.text) for UART1_Handler
    startup_tm4c123.o(RESET) refers to timer0.o(.text) for TIMER0A_Handler
    startup_tm4c123.o(RESET) refers to timer1.o(.text) for TIMER1A_Handler
    startup_tm4c123.o(RESET) refers to texas.o(.text) for TIMER5A_Handler
    startup_tm4c123.o(.text) refers (Special) to heapauxi.o(.text) for __use_two_region_memory
    startup_tm4c123.o(.text) refers to __main.o(!!!main) for __main
    startup_tm4c123.o(.text) refers to startup_tm4c123.o(HEAP) for Heap_Mem
    startup_tm4c123.o(.text) refers to startup_tm4c123.o(STACK) for Stack_Mem
    main.o(.text) refers to main.o(.bss.my) for my
    main.o(.text) refers to slidepot.o(.text) for SlidePot::SlidePot(unsigned int, unsigned int)
    main.o(.text) refers to main.o(.data.bullet) for bullet
    main.o(.text) refers to main.o(.bss.startFire) for startFire
    main.o(.text) refers to main.o(.data.player) for player
    main.o(.text) refers to main.o(.data.bill) for bill
    main.o(.text) refers to main.o(.bss.nowSwitch) for nowSwitch
    main.o(.text) refers to main.o(.bss.lastSwitch) for lastSwitch
    main.o(.text) refers to main.o(.bss.position) for position
    main.o(.text) refers to main.o(.bss.needToRedraw) for needToRedraw
    main.o(.text) refers to main.o(.data.direction) for direction
    main.o(.text) refers to main.o(.bss.debug) for debug
    main.o(.text) refers to st7735.o(.text) for ST7735_DrawBitmap(short, short, unsigned short const*, short, short)
    main.o(.text) refers to main.o(.rodata._ZL6shoot3) for shoot3
    main.o(.text) refers to main.o(.rodata._ZL11blackShoot3) for blackShoot3
    main.o(.text) refers to main.o(.rodata._ZL9blackBill) for blackBill
    main.o(.text) refers to main.o(.bss.time) for time
    main.o(.text) refers to pll.o(.text) for PLL_Init(unsigned int)
    main.o(.text) refers to random.o(.text) for Random_Init(unsigned int)
    main.o(.text) refers to timer0.o(.text) for Timer0_Init(void (*)(), unsigned int)
    main.o(.text) refers to timer1.o(.text) for Timer1_Init(void (*)(), unsigned int)
    main.o(.text) refers to startup_tm4c123.o(.text) for EnableInterrupts
    main.o(.text) refers to main.o(.rodata._ZL18SmallEnemy10pointA) for SmallEnemy10pointA
    main.o(.text) refers to main.o(.rodata._ZL18SmallEnemy10pointB) for SmallEnemy10pointB
    main.o(.text) refers to main.o(.rodata._ZL18SmallEnemy20pointA) for SmallEnemy20pointA
    main.o(.text) refers to main.o(.rodata._ZL18SmallEnemy30pointA) for SmallEnemy30pointA
    main.o(.text) refers to main.o(.rodata._ZL18SmallEnemy30pointB) for SmallEnemy30pointB
    main.o(.text) refers to main.o(.rodata.str1.1) for .L.str
    main.o(.text) refers to main.o(.bss.score) for score
    main.o(.ARM.exidx) refers to main.o(.text) for [Anonymous Symbol]
    main.o(.data.bill) refers to main.o(.rodata._ZL18SmallEnemy20pointB) for [Anonymous Symbol]
    main.o(.data.player) refers to main.o(.rodata._ZL11PlayerShip0) for [Anonymous Symbol]
    main.o(.data.bullet) refers to main.o(.rodata._ZL6shoot3) for [Anonymous Symbol]
    main.o(.init_array) refers to main.o(.text) for _GLOBAL__sub_I_main.cpp
    dac.o(.ARM.exidx) refers to dac.o(.text) for [Anonymous Symbol]
    pll.o(.ARM.exidx) refers to pll.o(.text) for [Anonymous Symbol]
    random.o(.text) refers to random.o(.bss._ZL1M) for M
    random.o(.ARM.exidx) refers to random.o(.text) for [Anonymous Symbol]
    st7735.o(.text) refers to st7735.o(.rodata._ZL4Bcmd) for Bcmd
    st7735.o(.text) refers to st7735.o(.data.StTextColor) for StTextColor
    st7735.o(.text) refers to st7735.o(.bss._ZL8RowStart) for RowStart
    st7735.o(.text) refers to st7735.o(.bss._ZL8ColStart) for ColStart
    st7735.o(.text) refers to st7735.o(.bss.StX) for StX
    st7735.o(.text) refers to st7735.o(.bss.StY) for StY
    st7735.o(.text) refers to st7735.o(.data._ZL6_width) for _width
    st7735.o(.text) refers to st7735.o(.data._ZL7_height) for _height
    st7735.o(.text) refers to st7735.o(.rodata._ZL5Rcmd1) for Rcmd1
    st7735.o(.text) refers to st7735.o(.rodata._ZL10Rcmd2green) for Rcmd2green
    st7735.o(.text) refers to st7735.o(.rodata._ZL8Rcmd2red) for Rcmd2red
    st7735.o(.text) refers to st7735.o(.rodata._ZL5Rcmd3) for Rcmd3
    st7735.o(.text) refers to st7735.o(.bss._ZL8TabColor) for TabColor
    st7735.o(.text) refers to st7735.o(.rodata._ZL11smallCircle) for smallCircle
    st7735.o(.text) refers to st7735.o(.rodata._ZL6circle) for circle
    st7735.o(.text) refers to st7735.o(.rodata._ZL4Font) for Font
    st7735.o(.text) refers to st7735.o(.bss.Messageindex) for Messageindex
    st7735.o(.text) refers to st7735.o(.bss.Message) for Message
    st7735.o(.text) refers to st7735.o(.rodata.str1.1) for .L.str
    st7735.o(.text) refers to st7735.o(.bss._ZL8Rotation) for Rotation
    st7735.o(.text) refers to st7735.o(.bss.Ymax) for Ymax
    st7735.o(.text) refers to st7735.o(.bss.Ymin) for Ymin
    st7735.o(.text) refers to st7735.o(.bss.Yrange) for Yrange
    st7735.o(.text) refers to st7735.o(.bss.X) for X
    st7735.o(.text) refers to st7735.o(.bss.lastj) for lastj
    st7735.o(.text) refers to st7735.o(.rodata._ZL4dBfs) for dBfs
    st7735.o(.ARM.exidx) refers to st7735.o(.text) for [Anonymous Symbol]
    slidepot.o(.ARM.exidx) refers to slidepot.o(.text) for [Anonymous Symbol]
    timer0.o(.text) refers to timer0.o(.bss.PeriodicTask0) for PeriodicTask0
    timer0.o(.text) refers to main.o(.bss.nowSwitch) for nowSwitch
    timer0.o(.ARM.exidx) refers to timer0.o(.text) for [Anonymous Symbol]
    timer1.o(.text) refers to timer1.o(.bss.PeriodicTask1) for PeriodicTask1
    timer1.o(.ARM.exidx) refers to timer1.o(.text) for [Anonymous Symbol]
    uart.o(.text) refers to uart.o(.bss.RxFifo) for RxFifo
    uart.o(.text) refers to fifo.o(.text) for Queue::Queue()
    uart.o(.ARM.exidx) refers to uart.o(.text) for [Anonymous Symbol]
    uart.o(.init_array) refers to uart.o(.text) for _GLOBAL__sub_I_UART.cpp
    fifo.o(.ARM.exidx) refers to fifo.o(.text) for [Anonymous Symbol]
    texas.o(.text) refers to pll.o(.text) for PLL_Init(unsigned int)
    texas.o(.ARM.exidx) refers to texas.o(.text) for [Anonymous Symbol]
    __main.o(!!!main) refers to __rtentry.o(.ARM.Collect$$rtentry$$00000000) for __rt_entry
    init_aeabi.o(.emb_text) refers (Special) to libinit2.o(.ARM.Collect$$libinit$$00000033) for __rt_lib_init_cpp_2
    init_aeabi.o(.init_array) refers (Special) to libinit2.o(.ARM.Collect$$libinit$$00000033) for __rt_lib_init_cpp_2
    init_aeabi.o(.dummy_text) refers (Special) to libinit2.o(.ARM.Collect$$libinit$$00000033) for __rt_lib_init_cpp_2
    init_aeabi.o(.text) refers (Special) to libinit2.o(.ARM.Collect$$libinit$$00000033) for __rt_lib_init_cpp_2
    init_aeabi.o(.ARM.exidx) refers (Special) to libinit2.o(.ARM.Collect$$libinit$$00000033) for __rt_lib_init_cpp_2
    init_aeabi.o(.ARM.exidx) refers to init_aeabi.o(.text) for .text
    __rtentry.o(.ARM.Collect$$rtentry$$00000000) refers (Special) to __rtentry2.o(.ARM.Collect$$rtentry$$0000000A) for __rt_entry_li
    __rtentry.o(.ARM.Collect$$rtentry$$00000000) refers (Special) to __rtentry2.o(.ARM.Collect$$rtentry$$0000000D) for __rt_entry_main
    __rtentry.o(.ARM.Collect$$rtentry$$00000000) refers (Special) to __rtentry2.o(.ARM.Collect$$rtentry$$0000000C) for __rt_entry_postli_1
    __rtentry.o(.ARM.Collect$$rtentry$$00000000) refers (Special) to __rtentry2.o(.ARM.Collect$$rtentry$$00000009) for __rt_entry_postsh_1
    __rtentry.o(.ARM.Collect$$rtentry$$00000000) refers (Special) to __rtentry2.o(.ARM.Collect$$rtentry$$00000002) for __rt_entry_presh_1
    __rtentry.o(.ARM.Collect$$rtentry$$00000000) refers (Special) to __rtentry4.o(.ARM.Collect$$rtentry$$00000004) for __rt_entry_sh
    libinit2.o(.ARM.Collect$$libinit$$00000012) refers to libinit2.o(.ARM.Collect$$libinit$$00000011) for .ARM.Collect$$libinit$$00000011
    libinit2.o(.ARM.Collect$$libinit$$00000014) refers to libinit2.o(.ARM.Collect$$libinit$$00000011) for .ARM.Collect$$libinit$$00000011
    libinit2.o(.ARM.Collect$$libinit$$00000016) refers to libinit2.o(.ARM.Collect$$libinit$$00000011) for .ARM.Collect$$libinit$$00000011
    libinit2.o(.ARM.Collect$$libinit$$00000018) refers to libinit2.o(.ARM.Collect$$libinit$$00000011) for .ARM.Collect$$libinit$$00000011
    libinit2.o(.ARM.Collect$$libinit$$0000001A) refers to libinit2.o(.ARM.Collect$$libinit$$00000011) for .ARM.Collect$$libinit$$00000011
    libinit2.o(.ARM.Collect$$libinit$$00000028) refers to argv_veneer.o(.emb_text) for __ARM_argv_veneer
    libinit2.o(.ARM.Collect$$libinit$$00000029) refers to argv_veneer.o(.emb_text) for __ARM_argv_veneer
    libinit2.o(.ARM.Collect$$libinit$$00000033) refers (Weak) to init_aeabi.o(.text) for __cpp_initialize__aeabi_
    __rtentry2.o(.ARM.Collect$$rtentry$$00000008) refers to boardinit2.o(.text) for _platform_post_stackheap_init
    __rtentry2.o(.ARM.Collect$$rtentry$$0000000A) refers to libinit.o(.ARM.Collect$$libinit$$00000000) for __rt_lib_init
    __rtentry2.o(.ARM.Collect$$rtentry$$0000000B) refers to boardinit3.o(.text) for _platform_post_lib_init
    __rtentry2.o(.ARM.Collect$$rtentry$$0000000D) refers to main.o(.text) for main
    __rtentry2.o(.ARM.Collect$$rtentry$$0000000D) refers to exit.o(.text) for exit
    __rtentry2.o(.ARM.exidx) refers to __rtentry2.o(.ARM.Collect$$rtentry$$00000001) for .ARM.Collect$$rtentry$$00000001
    __rtentry2.o(.ARM.exidx) refers to __rtentry2.o(.ARM.Collect$$rtentry$$00000008) for .ARM.Collect$$rtentry$$00000008
    __rtentry2.o(.ARM.exidx) refers to __rtentry2.o(.ARM.Collect$$rtentry$$0000000A) for .ARM.Collect$$rtentry$$0000000A
    __rtentry2.o(.ARM.exidx) refers to __rtentry2.o(.ARM.Collect$$rtentry$$0000000B) for .ARM.Collect$$rtentry$$0000000B
    __rtentry2.o(.ARM.exidx) refers to __rtentry2.o(.ARM.Collect$$rtentry$$0000000D) for .ARM.Collect$$rtentry$$0000000D
    __rtentry4.o(.ARM.Collect$$rtentry$$00000004) refers to sys_stackheap_outer.o(.text) for __user_setup_stackheap
    __rtentry4.o(.ARM.exidx) refers to __rtentry4.o(.ARM.Collect$$rtentry$$00000004) for .ARM.Collect$$rtentry$$00000004
    argv_veneer.o(.emb_text) refers to no_argv.o(.text) for __ARM_get_argv
    sys_stackheap_outer.o(.text) refers to libspace.o(.text) for __user_perproc_libspace
    sys_stackheap_outer.o(.text) refers to startup_tm4c123.o(.text) for __user_initial_stackheap
    exit.o(.text) refers to rtexit.o(.ARM.Collect$$rtexit$$00000000) for __rt_exit
    _get_argv_nomalloc.o(.text) refers (Special) to hrguard.o(.text) for __heap_region$guard
    _get_argv_nomalloc.o(.text) refers to defsig_rtmem_outer.o(.text) for __rt_SIGRTMEM
    _get_argv_nomalloc.o(.text) refers to sys_command.o(.text) for _sys_command_string
    libinit.o(.ARM.Collect$$libinit$$00000000) refers (Special) to libinit2.o(.ARM.Collect$$libinit$$00000030) for __rt_lib_init_alloca_1
    libinit.o(.ARM.Collect$$libinit$$00000000) refers (Special) to libinit2.o(.ARM.Collect$$libinit$$0000002E) for __rt_lib_init_argv_1
    libinit.o(.ARM.Collect$$libinit$$00000000) refers (Special) to libinit2.o(.ARM.Collect$$libinit$$0000001D) for __rt_lib_init_atexit_1
    libinit.o(.ARM.Collect$$libinit$$00000000) refers (Special) to libinit2.o(.ARM.Collect$$libinit$$00000023) for __rt_lib_init_clock_1
    libinit.o(.ARM.Collect$$libinit$$00000000) refers (Special) to libinit2.o(.ARM.Collect$$libinit$$00000034) for __rt_lib_init_cpp_1
    libinit.o(.ARM.Collect$$libinit$$00000000) refers (Special) to libinit2.o(.ARM.Collect$$libinit$$00000032) for __rt_lib_init_exceptions_1
    libinit.o(.ARM.Collect$$libinit$$00000000) refers (Special) to libinit2.o(.ARM.Collect$$libinit$$00000002) for __rt_lib_init_fp_1
    libinit.o(.ARM.Collect$$libinit$$00000000) refers (Special) to libinit2.o(.ARM.Collect$$libinit$$00000021) for __rt_lib_init_fp_trap_1
    libinit.o(.ARM.Collect$$libinit$$00000000) refers (Special) to libinit2.o(.ARM.Collect$$libinit$$00000025) for __rt_lib_init_getenv_1
    libinit.o(.ARM.Collect$$libinit$$00000000) refers (Special) to libinit2.o(.ARM.Collect$$libinit$$0000000C) for __rt_lib_init_heap_1
    libinit.o(.ARM.Collect$$libinit$$00000000) refers (Special) to libinit2.o(.ARM.Collect$$libinit$$00000013) for __rt_lib_init_lc_collate_1
    libinit.o(.ARM.Collect$$libinit$$00000000) refers (Special) to libinit2.o(.ARM.Collect$$libinit$$00000015) for __rt_lib_init_lc_ctype_1
    libinit.o(.ARM.Collect$$libinit$$00000000) refers (Special) to libinit2.o(.ARM.Collect$$libinit$$00000017) for __rt_lib_init_lc_monetary_1
    libinit.o(.ARM.Collect$$libinit$$00000000) refers (Special) to libinit2.o(.ARM.Collect$$libinit$$00000019) for __rt_lib_init_lc_numeric_1
    libinit.o(.ARM.Collect$$libinit$$00000000) refers (Special) to libinit2.o(.ARM.Collect$$libinit$$0000001B) for __rt_lib_init_lc_time_1
    libinit.o(.ARM.Collect$$libinit$$00000000) refers (Special) to libinit2.o(.ARM.Collect$$libinit$$00000006) for __rt_lib_init_preinit_1
    libinit.o(.ARM.Collect$$libinit$$00000000) refers (Special) to libinit2.o(.ARM.Collect$$libinit$$00000010) for __rt_lib_init_rand_1
    libinit.o(.ARM.Collect$$libinit$$00000000) refers (Special) to libinit2.o(.ARM.Collect$$libinit$$00000004) for __rt_lib_init_relocate_pie_1
    libinit.o(.ARM.Collect$$libinit$$00000000) refers (Special) to libinit2.o(.ARM.Collect$$libinit$$00000035) for __rt_lib_init_return
    libinit.o(.ARM.Collect$$libinit$$00000000) refers (Special) to libinit2.o(.ARM.Collect$$libinit$$0000001F) for __rt_lib_init_signal_1
    libinit.o(.ARM.Collect$$libinit$$00000000) refers (Special) to libinit2.o(.ARM.Collect$$libinit$$00000027) for __rt_lib_init_stdio_1
    libinit.o(.ARM.Collect$$libinit$$00000000) refers (Special) to libinit2.o(.ARM.Collect$$libinit$$0000000E) for __rt_lib_init_user_alloc_1
    sys_command.o(.text) refers (Special) to use_no_semi.o(.text) for __I$use$semihosting
    sys_command.o(.text) refers (Special) to indicate_semi.o(.text) for __semihosting_library_function
    sys_command_hlt.o(.text) refers (Special) to use_no_semi.o(.text) for __I$use$semihosting
    sys_command_hlt.o(.text) refers (Special) to indicate_semi.o(.text) for __semihosting_library_function
    libspace.o(.text) refers to libspace.o(.bss) for __libspace_start
    rtexit.o(.ARM.Collect$$rtexit$$00000000) refers (Special) to rtexit2.o(.ARM.Collect$$rtexit$$00000004) for __rt_exit_exit
    rtexit.o(.ARM.Collect$$rtexit$$00000000) refers (Special) to rtexit2.o(.ARM.Collect$$rtexit$$00000003) for __rt_exit_ls
    rtexit.o(.ARM.Collect$$rtexit$$00000000) refers (Special) to rtexit2.o(.ARM.Collect$$rtexit$$00000002) for __rt_exit_prels_1
    rtexit.o(.ARM.exidx) refers (Special) to rtexit2.o(.ARM.Collect$$rtexit$$00000004) for __rt_exit_exit
    rtexit.o(.ARM.exidx) refers (Special) to rtexit2.o(.ARM.Collect$$rtexit$$00000003) for __rt_exit_ls
    rtexit.o(.ARM.exidx) refers (Special) to rtexit2.o(.ARM.Collect$$rtexit$$00000002) for __rt_exit_prels_1
    rtexit.o(.ARM.exidx) refers to rtexit.o(.ARM.Collect$$rtexit$$00000000) for .ARM.Collect$$rtexit$$00000000
    defsig_rtmem_outer.o(.text) refers to defsig_rtmem_inner.o(.text) for __rt_SIGRTMEM_inner
    defsig_rtmem_outer.o(.text) refers to defsig_exit.o(.text) for __sig_exit
    defsig_rtmem_formal.o(.text) refers to rt_raise.o(.text) for __rt_raise
    rtexit2.o(.ARM.Collect$$rtexit$$00000003) refers to libshutdown.o(.ARM.Collect$$libshutdown$$00000000) for __rt_lib_shutdown
    rtexit2.o(.ARM.Collect$$rtexit$$00000004) refers to sys_exit.o(.text) for _sys_exit
    rtexit2.o(.ARM.exidx) refers to rtexit2.o(.ARM.Collect$$rtexit$$00000001) for .ARM.Collect$$rtexit$$00000001
    rtexit2.o(.ARM.exidx) refers to rtexit2.o(.ARM.Collect$$rtexit$$00000003) for .ARM.Collect$$rtexit$$00000003
    rtexit2.o(.ARM.exidx) refers to rtexit2.o(.ARM.Collect$$rtexit$$00000004) for .ARM.Collect$$rtexit$$00000004
    rt_raise.o(.text) refers to __raise.o(.text) for __raise
    rt_raise.o(.text) refers to sys_exit.o(.text) for _sys_exit
    defsig_exit.o(.text) refers to sys_exit.o(.text) for _sys_exit
    defsig_rtmem_inner.o(.text) refers to defsig_general.o(.text) for __default_signal_display
    sys_exit.o(.text) refers (Special) to use_no_semi.o(.text) for __I$use$semihosting
    sys_exit.o(.text) refers (Special) to indicate_semi.o(.text) for __semihosting_library_function
    sys_exit_hlt.o(.text) refers (Special) to use_no_semi.o(.text) for __I$use$semihosting
    sys_exit_hlt.o(.text) refers (Special) to indicate_semi.o(.text) for __semihosting_library_function
    __raise.o(.text) refers to defsig.o(CL$$defsig) for __default_signal_handler
    defsig_general.o(.text) refers to sys_wrch.o(.text) for _ttywrch
    libshutdown.o(.ARM.Collect$$libshutdown$$00000000) refers (Special) to libshutdown2.o(.ARM.Collect$$libshutdown$$00000002) for __rt_lib_shutdown_cpp_1
    libshutdown.o(.ARM.Collect$$libshutdown$$00000000) refers (Special) to libshutdown2.o(.ARM.Collect$$libshutdown$$00000007) for __rt_lib_shutdown_fp_trap_1
    libshutdown.o(.ARM.Collect$$libshutdown$$00000000) refers (Special) to libshutdown2.o(.ARM.Collect$$libshutdown$$0000000F) for __rt_lib_shutdown_heap_1
    libshutdown.o(.ARM.Collect$$libshutdown$$00000000) refers (Special) to libshutdown2.o(.ARM.Collect$$libshutdown$$00000010) for __rt_lib_shutdown_return
    libshutdown.o(.ARM.Collect$$libshutdown$$00000000) refers (Special) to libshutdown2.o(.ARM.Collect$$libshutdown$$0000000A) for __rt_lib_shutdown_signal_1
    libshutdown.o(.ARM.Collect$$libshutdown$$00000000) refers (Special) to libshutdown2.o(.ARM.Collect$$libshutdown$$00000004) for __rt_lib_shutdown_stdio_1
    libshutdown.o(.ARM.Collect$$libshutdown$$00000000) refers (Special) to libshutdown2.o(.ARM.Collect$$libshutdown$$0000000C) for __rt_lib_shutdown_user_alloc_1
    sys_wrch.o(.text) refers (Special) to use_no_semi.o(.text) for __I$use$semihosting
    sys_wrch.o(.text) refers (Special) to indicate_semi.o(.text) for __semihosting_library_function
    sys_wrch_hlt.o(.text) refers (Special) to use_no_semi.o(.text) for __I$use$semihosting
    sys_wrch_hlt.o(.text) refers (Special) to indicate_semi.o(.text) for __semihosting_library_function
    defsig.o(CL$$defsig) refers to defsig_rtmem_inner.o(.text) for __rt_SIGRTMEM_inner
    defsig_abrt_inner.o(.text) refers to defsig_general.o(.text) for __default_signal_display
    defsig_fpe_inner.o(.text) refers to defsig_general.o(.text) for __default_signal_display
    defsig_rtred_inner.o(.text) refers to defsig_general.o(.text) for __default_signal_display
    defsig_stak_inner.o(.text) refers to defsig_general.o(.text) for __default_signal_display
    defsig_pvfn_inner.o(.text) refers to defsig_general.o(.text) for __default_signal_display
    defsig_cppl_inner.o(.text) refers to defsig_general.o(.text) for __default_signal_display
    defsig_segv_inner.o(.text) refers to defsig_general.o(.text) for __default_signal_display
    defsig_other.o(.text) refers to defsig_general.o(.text) for __default_signal_display


==============================================================================

Removing Unused input sections from the image.

    Removing main.o(.ARM.exidx), (72 bytes).
    Removing main.o(.bss.pause), (4 bytes).
    Removing main.o(.ARM.use_no_argv), (4 bytes).
    Removing dac.o(.text), (106 bytes).
    Removing dac.o(.ARM.exidx), (16 bytes).
    Removing pll.o(.ARM.exidx), (8 bytes).
    Removing random.o(.ARM.exidx), (24 bytes).
    Removing st7735.o(.ARM.exidx), (360 bytes).
    Removing slidepot.o(.ARM.exidx), (64 bytes).
    Removing sound.o(.text), (0 bytes).
    Removing sound.o(.bss.Length), (4 bytes).
    Removing sound.o(.bss.sfxPt), (4 bytes).
    Removing timer0.o(.ARM.exidx), (16 bytes).
    Removing timer1.o(.ARM.exidx), (16 bytes).
    Removing uart.o(.ARM.exidx), (80 bytes).
    Removing fifo.o(.ARM.exidx), (48 bytes).
    Removing texas.o(.ARM.exidx), (40 bytes).

17 unused section(s) (total 866 bytes) removed from the image.

==============================================================================

Image Symbol Table

    Local Symbols

    Symbol Name                              Value     Ov Type        Size  Object(Section)

    ../clib/angel/boardlib.s                 0x00000000   Number         0  boardinit1.o ABSOLUTE
    ../clib/angel/boardlib.s                 0x00000000   Number         0  boardinit2.o ABSOLUTE
    ../clib/angel/boardlib.s                 0x00000000   Number         0  boardinit3.o ABSOLUTE
    ../clib/angel/boardlib.s                 0x00000000   Number         0  boardshut.o ABSOLUTE
    ../clib/angel/handlers.s                 0x00000000   Number         0  __scatter_copy.o ABSOLUTE
    ../clib/angel/handlers.s                 0x00000000   Number         0  __scatter_zi.o ABSOLUTE
    ../clib/angel/kernel.s                   0x00000000   Number         0  __rtentry.o ABSOLUTE
    ../clib/angel/kernel.s                   0x00000000   Number         0  __rtentry2.o ABSOLUTE
    ../clib/angel/kernel.s                   0x00000000   Number         0  __rtentry4.o ABSOLUTE
    ../clib/angel/kernel.s                   0x00000000   Number         0  rtexit.o ABSOLUTE
    ../clib/angel/kernel.s                   0x00000000   Number         0  rtexit2.o ABSOLUTE
    ../clib/angel/rt.s                       0x00000000   Number         0  rt_raise.o ABSOLUTE
    ../clib/angel/scatter.s                  0x00000000   Number         0  __scatter.o ABSOLUTE
    ../clib/angel/startup.s                  0x00000000   Number         0  __main.o ABSOLUTE
    ../clib/angel/sys.s                      0x00000000   Number         0  sys_stackheap_outer.o ABSOLUTE
    ../clib/angel/sys.s                      0x00000000   Number         0  libspace.o ABSOLUTE
    ../clib/angel/sys.s                      0x00000000   Number         0  use_no_semi.o ABSOLUTE
    ../clib/angel/sys.s                      0x00000000   Number         0  indicate_semi.o ABSOLUTE
    ../clib/angel/sysapp.c                   0x00000000   Number         0  sys_command.o ABSOLUTE
    ../clib/angel/sysapp.c                   0x00000000   Number         0  sys_command_hlt.o ABSOLUTE
    ../clib/angel/sysapp.c                   0x00000000   Number         0  sys_exit.o ABSOLUTE
    ../clib/angel/sysapp.c                   0x00000000   Number         0  sys_exit_hlt.o ABSOLUTE
    ../clib/angel/sysapp.c                   0x00000000   Number         0  sys_wrch.o ABSOLUTE
    ../clib/angel/sysapp.c                   0x00000000   Number         0  sys_wrch_hlt.o ABSOLUTE
    ../clib/arm_runtime.c                    0x00000000   Number         0  init_aeabi.o ABSOLUTE
    ../clib/arm_runtime.c                    0x00000000   Number         0  init_aeabi.o ABSOLUTE
    ../clib/armsys.c                         0x00000000   Number         0  argv_veneer.o ABSOLUTE
    ../clib/armsys.c                         0x00000000   Number         0  argv_veneer.o ABSOLUTE
    ../clib/armsys.c                         0x00000000   Number         0  _get_argv_nomalloc.o ABSOLUTE
    ../clib/armsys.c                         0x00000000   Number         0  no_argv.o ABSOLUTE
    ../clib/heapalloc.c                      0x00000000   Number         0  hrguard.o ABSOLUTE
    ../clib/heapaux.c                        0x00000000   Number         0  heapauxi.o ABSOLUTE
    ../clib/libinit.s                        0x00000000   Number         0  libinit2.o ABSOLUTE
    ../clib/libinit.s                        0x00000000   Number         0  libinit.o ABSOLUTE
    ../clib/libinit.s                        0x00000000   Number         0  libshutdown.o ABSOLUTE
    ../clib/libinit.s                        0x00000000   Number         0  libshutdown2.o ABSOLUTE
    ../clib/r_arm_target.c                   0x00000000   Number         0  __ARM_resolve_target1.o ABSOLUTE
    ../clib/r_arm_target.c                   0x00000000   Number         0  __ARM_resolve_target1_abs32.o ABSOLUTE
    ../clib/signal.c                         0x00000000   Number         0  defsig_rtmem_outer.o ABSOLUTE
    ../clib/signal.c                         0x00000000   Number         0  defsig_rtmem_formal.o ABSOLUTE
    ../clib/signal.c                         0x00000000   Number         0  defsig_exit.o ABSOLUTE
    ../clib/signal.c                         0x00000000   Number         0  defsig_rtmem_inner.o ABSOLUTE
    ../clib/signal.c                         0x00000000   Number         0  __raise.o ABSOLUTE
    ../clib/signal.c                         0x00000000   Number         0  defsig_general.o ABSOLUTE
    ../clib/signal.c                         0x00000000   Number         0  defsig_abrt_inner.o ABSOLUTE
    ../clib/signal.c                         0x00000000   Number         0  defsig_fpe_inner.o ABSOLUTE
    ../clib/signal.c                         0x00000000   Number         0  defsig_rtred_inner.o ABSOLUTE
    ../clib/signal.c                         0x00000000   Number         0  defsig_stak_inner.o ABSOLUTE
    ../clib/signal.c                         0x00000000   Number         0  defsig_pvfn_inner.o ABSOLUTE
    ../clib/signal.c                         0x00000000   Number         0  defsig_cppl_inner.o ABSOLUTE
    ../clib/signal.c                         0x00000000   Number         0  defsig_segv_inner.o ABSOLUTE
    ../clib/signal.c                         0x00000000   Number         0  defsig_other.o ABSOLUTE
    ../clib/signal.s                         0x00000000   Number         0  defsig.o ABSOLUTE
    ../clib/stdlib.c                         0x00000000   Number         0  exit.o ABSOLUTE
    ../fplib/fpinit.s                        0x00000000   Number         0  fpinit.o ABSOLUTE
    ../fplib/fpinit_empty.s                  0x00000000   Number         0  fpinit_empty.o ABSOLUTE
    DAC.cpp                                  0x00000000   Number         0  dac.o ABSOLUTE
    FIFO.cpp                                 0x00000000   Number         0  fifo.o ABSOLUTE
    PLL.cpp                                  0x00000000   Number         0  pll.o ABSOLUTE
    ST7735.cpp                               0x00000000   Number         0  st7735.o ABSOLUTE
    SlidePot.cpp                             0x00000000   Number         0  slidepot.o ABSOLUTE
    Sound.cpp                                0x00000000   Number         0  sound.o ABSOLUTE
    TExaS.cpp                                0x00000000   Number         0  texas.o ABSOLUTE
    Timer0.cpp                               0x00000000   Number         0  timer0.o ABSOLUTE
    Timer1.cpp                               0x00000000   Number         0  timer1.o ABSOLUTE
    UART.cpp                                 0x00000000   Number         0  uart.o ABSOLUTE
    dc.s                                     0x00000000   Number         0  dc.o ABSOLUTE
    main.cpp                                 0x00000000   Number         0  main.o ABSOLUTE
    random.cpp                               0x00000000   Number         0  random.o ABSOLUTE
    startup_TM4C123.s                        0x00000000   Number         0  startup_tm4c123.o ABSOLUTE
    RESET                                    0x00000000   Section      620  startup_tm4c123.o(RESET)
    !!!main                                  0x0000026c   Section        8  __main.o(!!!main)
    !!!scatter                               0x00000274   Section       52  __scatter.o(!!!scatter)
    !!handler_copy                           0x000002a8   Section       26  __scatter_copy.o(!!handler_copy)
    !!handler_zi                             0x000002c4   Section       28  __scatter_zi.o(!!handler_zi)
    .ARM.Collect$$libinit$$00000000          0x000002e0   Section        2  libinit.o(.ARM.Collect$$libinit$$00000000)
    .ARM.Collect$$libinit$$00000002          0x000002e2   Section        0  libinit2.o(.ARM.Collect$$libinit$$00000002)
    .ARM.Collect$$libinit$$00000004          0x000002e2   Section        0  libinit2.o(.ARM.Collect$$libinit$$00000004)
    .ARM.Collect$$libinit$$00000006          0x000002e2   Section        0  libinit2.o(.ARM.Collect$$libinit$$00000006)
    .ARM.Collect$$libinit$$0000000C          0x000002e2   Section        0  libinit2.o(.ARM.Collect$$libinit$$0000000C)
    .ARM.Collect$$libinit$$0000000E          0x000002e2   Section        0  libinit2.o(.ARM.Collect$$libinit$$0000000E)
    .ARM.Collect$$libinit$$00000010          0x000002e2   Section        0  libinit2.o(.ARM.Collect$$libinit$$00000010)
    .ARM.Collect$$libinit$$00000013          0x000002e2   Section        0  libinit2.o(.ARM.Collect$$libinit$$00000013)
    .ARM.Collect$$libinit$$00000015          0x000002e2   Section        0  libinit2.o(.ARM.Collect$$libinit$$00000015)
    .ARM.Collect$$libinit$$00000017          0x000002e2   Section        0  libinit2.o(.ARM.Collect$$libinit$$00000017)
    .ARM.Collect$$libinit$$00000019          0x000002e2   Section        0  libinit2.o(.ARM.Collect$$libinit$$00000019)
    .ARM.Collect$$libinit$$0000001B          0x000002e2   Section        0  libinit2.o(.ARM.Collect$$libinit$$0000001B)
    .ARM.Collect$$libinit$$0000001D          0x000002e2   Section        0  libinit2.o(.ARM.Collect$$libinit$$0000001D)
    .ARM.Collect$$libinit$$0000001F          0x000002e2   Section        0  libinit2.o(.ARM.Collect$$libinit$$0000001F)
    .ARM.Collect$$libinit$$00000021          0x000002e2   Section        0  libinit2.o(.ARM.Collect$$libinit$$00000021)
    .ARM.Collect$$libinit$$00000023          0x000002e2   Section        0  libinit2.o(.ARM.Collect$$libinit$$00000023)
    .ARM.Collect$$libinit$$00000025          0x000002e2   Section        0  libinit2.o(.ARM.Collect$$libinit$$00000025)
    .ARM.Collect$$libinit$$00000027          0x000002e2   Section        0  libinit2.o(.ARM.Collect$$libinit$$00000027)
    .ARM.Collect$$libinit$$0000002E          0x000002e2   Section        0  libinit2.o(.ARM.Collect$$libinit$$0000002E)
    .ARM.Collect$$libinit$$00000030          0x000002e2   Section        0  libinit2.o(.ARM.Collect$$libinit$$00000030)
    .ARM.Collect$$libinit$$00000032          0x000002e2   Section        0  libinit2.o(.ARM.Collect$$libinit$$00000032)
    .ARM.Collect$$libinit$$00000033          0x000002e2   Section        4  libinit2.o(.ARM.Collect$$libinit$$00000033)
    .ARM.Collect$$libinit$$00000034          0x000002e6   Section        0  libinit2.o(.ARM.Collect$$libinit$$00000034)
    .ARM.Collect$$libinit$$00000035          0x000002e6   Section        2  libinit2.o(.ARM.Collect$$libinit$$00000035)
    .ARM.Collect$$libshutdown$$00000000      0x000002e8   Section        2  libshutdown.o(.ARM.Collect$$libshutdown$$00000000)
    .ARM.Collect$$libshutdown$$00000002      0x000002ea   Section        0  libshutdown2.o(.ARM.Collect$$libshutdown$$00000002)
    .ARM.Collect$$libshutdown$$00000004      0x000002ea   Section        0  libshutdown2.o(.ARM.Collect$$libshutdown$$00000004)
    .ARM.Collect$$libshutdown$$00000007      0x000002ea   Section        0  libshutdown2.o(.ARM.Collect$$libshutdown$$00000007)
    .ARM.Collect$$libshutdown$$0000000A      0x000002ea   Section        0  libshutdown2.o(.ARM.Collect$$libshutdown$$0000000A)
    .ARM.Collect$$libshutdown$$0000000C      0x000002ea   Section        0  libshutdown2.o(.ARM.Collect$$libshutdown$$0000000C)
    .ARM.Collect$$libshutdown$$0000000F      0x000002ea   Section        0  libshutdown2.o(.ARM.Collect$$libshutdown$$0000000F)
    .ARM.Collect$$libshutdown$$00000010      0x000002ea   Section        2  libshutdown2.o(.ARM.Collect$$libshutdown$$00000010)
    .ARM.Collect$$rtentry$$00000000          0x000002ec   Section        0  __rtentry.o(.ARM.Collect$$rtentry$$00000000)
    .ARM.Collect$$rtentry$$00000002          0x000002ec   Section        0  __rtentry2.o(.ARM.Collect$$rtentry$$00000002)
    .ARM.Collect$$rtentry$$00000004          0x000002ec   Section        6  __rtentry4.o(.ARM.Collect$$rtentry$$00000004)
    .ARM.Collect$$rtentry$$00000009          0x000002f2   Section        0  __rtentry2.o(.ARM.Collect$$rtentry$$00000009)
    .ARM.Collect$$rtentry$$0000000A          0x000002f2   Section        4  __rtentry2.o(.ARM.Collect$$rtentry$$0000000A)
    .ARM.Collect$$rtentry$$0000000C          0x000002f6   Section        0  __rtentry2.o(.ARM.Collect$$rtentry$$0000000C)
    .ARM.Collect$$rtentry$$0000000D          0x000002f6   Section        8  __rtentry2.o(.ARM.Collect$$rtentry$$0000000D)
    .ARM.Collect$$rtexit$$00000000           0x000002fe   Section        2  rtexit.o(.ARM.Collect$$rtexit$$00000000)
    .ARM.Collect$$rtexit$$00000002           0x00000300   Section        0  rtexit2.o(.ARM.Collect$$rtexit$$00000002)
    .ARM.Collect$$rtexit$$00000003           0x00000300   Section        4  rtexit2.o(.ARM.Collect$$rtexit$$00000003)
    .ARM.Collect$$rtexit$$00000004           0x00000304   Section        6  rtexit2.o(.ARM.Collect$$rtexit$$00000004)
    .text                                    0x0000030c   Section      296  startup_tm4c123.o(.text)
    __cxx_global_var_init                    0x00000435   Thumb Code    22  main.o(.text)
    [Anonymous Symbol]                       0x00000434   Section        0  main.o(.text)
    _GLOBAL__sub_I_main.cpp                  0x00000a71   Thumb Code     8  main.o(.text)
    [Anonymous Symbol]                       0x00000a78   Section        0  pll.o(.text)
    [Anonymous Symbol]                       0x00000b04   Section        0  random.o(.text)
    [Anonymous Symbol]                       0x00000b60   Section        0  st7735.o(.text)
    commonInit(unsigned char const*)         0x00000bc5   Thumb Code   418  st7735.o(.text)
    commandList(unsigned char const*)        0x00000e7d   Thumb Code   170  st7735.o(.text)
    writecommand(unsigned char)              0x00000f29   Thumb Code    90  st7735.o(.text)
    writedata(unsigned char)                 0x00000f85   Thumb Code    58  st7735.o(.text)
    setAddrWindow(unsigned char, unsigned char, unsigned char, unsigned char) 0x00001035   Thumb Code   148  st7735.o(.text)
    pushColor(unsigned short)                0x000010c9   Thumb Code    28  st7735.o(.text)
    deselect()                               0x000010e5   Thumb Code    36  st7735.o(.text)
    [Anonymous Symbol]                       0x000026ec   Section        0  slidepot.o(.text)
    [Anonymous Symbol]                       0x000028c4   Section        0  timer0.o(.text)
    [Anonymous Symbol]                       0x00002998   Section        0  timer1.o(.text)
    __cxx_global_var_init                    0x00002a51   Thumb Code    16  uart.o(.text)
    [Anonymous Symbol]                       0x00002a50   Section        0  uart.o(.text)
    _GLOBAL__sub_I_UART.cpp                  0x00002af9   Thumb Code     8  uart.o(.text)
    [Anonymous Symbol]                       0x00002b00   Section        0  fifo.o(.text)
    [Anonymous Symbol]                       0x00002b48   Section        0  texas.o(.text)
    .text                                    0x00002dd4   Section        0  heapauxi.o(.text)
    .text                                    0x00002ddc   Section        0  init_aeabi.o(.text)
    .text                                    0x00002e00   Section       74  sys_stackheap_outer.o(.text)
    .text                                    0x00002e4a   Section        0  exit.o(.text)
    .text                                    0x00002e5c   Section        8  libspace.o(.text)
    .text                                    0x00002e64   Section        2  use_no_semi.o(.text)
    .text                                    0x00002e66   Section        0  indicate_semi.o(.text)
    .text                                    0x00002e68   Section        0  sys_exit.o(.text)
    Rcmd2green                               0x00002e74   Data          13  st7735.o(.rodata._ZL10Rcmd2green)
    [Anonymous Symbol]                       0x00002e74   Section        0  st7735.o(.rodata._ZL10Rcmd2green)
    PlayerShip0                              0x00002e82   Data         288  main.o(.rodata._ZL11PlayerShip0)
    [Anonymous Symbol]                       0x00002e82   Section        0  main.o(.rodata._ZL11PlayerShip0)
    blackShoot3                              0x00002fa2   Data         288  main.o(.rodata._ZL11blackShoot3)
    [Anonymous Symbol]                       0x00002fa2   Section        0  main.o(.rodata._ZL11blackShoot3)
    smallCircle                              0x000030c2   Data          36  st7735.o(.rodata._ZL11smallCircle)
    [Anonymous Symbol]                       0x000030c2   Section        0  st7735.o(.rodata._ZL11smallCircle)
    SmallEnemy10pointA                       0x000030e6   Data         320  main.o(.rodata._ZL18SmallEnemy10pointA)
    [Anonymous Symbol]                       0x000030e6   Section        0  main.o(.rodata._ZL18SmallEnemy10pointA)
    SmallEnemy10pointB                       0x00003226   Data         320  main.o(.rodata._ZL18SmallEnemy10pointB)
    [Anonymous Symbol]                       0x00003226   Section        0  main.o(.rodata._ZL18SmallEnemy10pointB)
    SmallEnemy20pointA                       0x00003366   Data         320  main.o(.rodata._ZL18SmallEnemy20pointA)
    [Anonymous Symbol]                       0x00003366   Section        0  main.o(.rodata._ZL18SmallEnemy20pointA)
    SmallEnemy20pointB                       0x000034a6   Data         320  main.o(.rodata._ZL18SmallEnemy20pointB)
    [Anonymous Symbol]                       0x000034a6   Section        0  main.o(.rodata._ZL18SmallEnemy20pointB)
    SmallEnemy30pointA                       0x000035e6   Data         320  main.o(.rodata._ZL18SmallEnemy30pointA)
    [Anonymous Symbol]                       0x000035e6   Section        0  main.o(.rodata._ZL18SmallEnemy30pointA)
    SmallEnemy30pointB                       0x00003726   Data         320  main.o(.rodata._ZL18SmallEnemy30pointB)
    [Anonymous Symbol]                       0x00003726   Section        0  main.o(.rodata._ZL18SmallEnemy30pointB)
    Bcmd                                     0x00003866   Data         103  st7735.o(.rodata._ZL4Bcmd)
    [Anonymous Symbol]                       0x00003866   Section        0  st7735.o(.rodata._ZL4Bcmd)
    Font                                     0x000038cd   Data        1275  st7735.o(.rodata._ZL4Font)
    [Anonymous Symbol]                       0x000038cd   Section        0  st7735.o(.rodata._ZL4Font)
    dBfs                                     0x00003dc8   Data         512  st7735.o(.rodata._ZL4dBfs)
    [Anonymous Symbol]                       0x00003dc8   Section        0  st7735.o(.rodata._ZL4dBfs)
    Rcmd1                                    0x00003fc8   Data          59  st7735.o(.rodata._ZL5Rcmd1)
    [Anonymous Symbol]                       0x00003fc8   Section        0  st7735.o(.rodata._ZL5Rcmd1)
    Rcmd3                                    0x00004003   Data          43  st7735.o(.rodata._ZL5Rcmd3)
    [Anonymous Symbol]                       0x00004003   Section        0  st7735.o(.rodata._ZL5Rcmd3)
    circle                                   0x0000402e   Data          60  st7735.o(.rodata._ZL6circle)
    [Anonymous Symbol]                       0x0000402e   Section        0  st7735.o(.rodata._ZL6circle)
    shoot3                                   0x0000406a   Data         288  main.o(.rodata._ZL6shoot3)
    [Anonymous Symbol]                       0x0000406a   Section        0  main.o(.rodata._ZL6shoot3)
    Rcmd2red                                 0x0000418a   Data          13  st7735.o(.rodata._ZL8Rcmd2red)
    [Anonymous Symbol]                       0x0000418a   Section        0  st7735.o(.rodata._ZL8Rcmd2red)
    blackBill                                0x00004198   Data         320  main.o(.rodata._ZL9blackBill)
    [Anonymous Symbol]                       0x00004198   Section        0  main.o(.rodata._ZL9blackBill)
    .L.str                                   0x000042d8   Data          19  main.o(.rodata.str1.1)
    [Anonymous Symbol]                       0x000042d8   Section        0  main.o(.rodata.str1.1)
    .L.str.2                                 0x000042eb   Data          10  main.o(.rodata.str1.1)
    .L.str.3                                 0x000042f5   Data           7  main.o(.rodata.str1.1)
    .L.str.1                                 0x000042fc   Data          10  main.o(.rodata.str1.1)
    .L.str.1                                 0x00004306   Data          22  st7735.o(.rodata.str1.1)
    [Anonymous Symbol]                       0x00004306   Section        0  st7735.o(.rodata.str1.1)
    .L.str                                   0x0000431c   Data           6  st7735.o(.rodata.str1.1)
    .init_array                              0x0000434c   Section        0  init_aeabi.o(.init_array)
    _width                                   0x20000002   Data           2  st7735.o(.data._ZL6_width)
    [Anonymous Symbol]                       0x20000002   Section        0  st7735.o(.data._ZL6_width)
    _height                                  0x20000004   Data           2  st7735.o(.data._ZL7_height)
    [Anonymous Symbol]                       0x20000004   Section        0  st7735.o(.data._ZL7_height)
    .bss                                     0x20000088   Section       96  libspace.o(.bss)
    M                                        0x20000140   Data           4  random.o(.bss._ZL1M)
    [Anonymous Symbol]                       0x20000140   Section        0  random.o(.bss._ZL1M)
    ColStart                                 0x20000144   Data           1  st7735.o(.bss._ZL8ColStart)
    [Anonymous Symbol]                       0x20000144   Section        0  st7735.o(.bss._ZL8ColStart)
    Rotation                                 0x20000145   Data           1  st7735.o(.bss._ZL8Rotation)
    [Anonymous Symbol]                       0x20000145   Section        0  st7735.o(.bss._ZL8Rotation)
    RowStart                                 0x20000146   Data           1  st7735.o(.bss._ZL8RowStart)
    [Anonymous Symbol]                       0x20000146   Section        0  st7735.o(.bss._ZL8RowStart)
    TabColor                                 0x20000147   Data           1  st7735.o(.bss._ZL8TabColor)
    [Anonymous Symbol]                       0x20000147   Section        0  st7735.o(.bss._ZL8TabColor)
    Heap_Mem                                 0x20000180   Data        1024  startup_tm4c123.o(HEAP)
    HEAP                                     0x20000180   Section     1024  startup_tm4c123.o(HEAP)
    Stack_Mem                                0x20000580   Data        1024  startup_tm4c123.o(STACK)
    STACK                                    0x20000580   Section     1024  startup_tm4c123.o(STACK)
    __initial_sp                             0x20000980   Data           0  startup_tm4c123.o(STACK)

    Global Symbols

    Symbol Name                              Value     Ov Type        Size  Object(Section)

    BuildAttributes$$THM_ISAv4$E$P$D$K$B$S$7EM$PE$A:L22UL41UL21$X:L11$S22US41US21$IEEE1$IW$~IW$USESV6$~STKCKD$USESV7$~SHL$OSPACE$ROPI$EBA8$UX$STANDARDLIB$REQ8$PRES8$EABIv2 0x00000000   Number         0  anon$$obj.o ABSOLUTE
    __Vectors                                0x00000000   Data           4  startup_tm4c123.o(RESET)
    __fp_init_empty                          0x00000000   Number         0  fpinit_empty.o ABSOLUTE
    __ARM_exceptions_init                     - Undefined Weak Reference
    __alloca_initialize                       - Undefined Weak Reference
    __arm_preinit_                            - Undefined Weak Reference
    __arm_relocate_pie_                       - Undefined Weak Reference
    __cxa_finalize                            - Undefined Weak Reference
    __rt_locale                               - Undefined Weak Reference
    __sigvec_lookup                           - Undefined Weak Reference
    _atexit_init                              - Undefined Weak Reference
    _call_atexit_fns                          - Undefined Weak Reference
    _clock_init                               - Undefined Weak Reference
    _fp_trap_init                             - Undefined Weak Reference
    _fp_trap_shutdown                         - Undefined Weak Reference
    _get_lc_collate                           - Undefined Weak Reference
    _get_lc_ctype                             - Undefined Weak Reference
    _get_lc_monetary                          - Undefined Weak Reference
    _get_lc_numeric                           - Undefined Weak Reference
    _get_lc_time                              - Undefined Weak Reference
    _getenv_init                              - Undefined Weak Reference
    _handle_redirection                       - Undefined Weak Reference
    _init_alloc                               - Undefined Weak Reference
    _init_user_alloc                          - Undefined Weak Reference
    _initio                                   - Undefined Weak Reference
    _rand_init                                - Undefined Weak Reference
    _signal_finish                            - Undefined Weak Reference
    _signal_init                              - Undefined Weak Reference
    _terminate_alloc                          - Undefined Weak Reference
    _terminate_user_alloc                     - Undefined Weak Reference
    _terminateio                              - Undefined Weak Reference
    __Vectors_End                            0x0000026c   Data           0  startup_tm4c123.o(RESET)
    __Vectors_Size                           0x0000026c   Number         0  startup_tm4c123.o ABSOLUTE
    __main                                   0x0000026d   Thumb Code     8  __main.o(!!!main)
    __scatterload                            0x00000275   Thumb Code     0  __scatter.o(!!!scatter)
    __scatterload_rt2                        0x00000275   Thumb Code    44  __scatter.o(!!!scatter)
    __scatterload_rt2_thumb_only             0x00000275   Thumb Code     0  __scatter.o(!!!scatter)
    __scatterload_null                       0x00000283   Thumb Code     0  __scatter.o(!!!scatter)
    __scatterload_copy                       0x000002a9   Thumb Code    26  __scatter_copy.o(!!handler_copy)
    __scatterload_zeroinit                   0x000002c5   Thumb Code    28  __scatter_zi.o(!!handler_zi)
    __rt_lib_init                            0x000002e1   Thumb Code     0  libinit.o(.ARM.Collect$$libinit$$00000000)
    __rt_lib_init_alloca_1                   0x000002e3   Thumb Code     0  libinit2.o(.ARM.Collect$$libinit$$00000030)
    __rt_lib_init_argv_1                     0x000002e3   Thumb Code     0  libinit2.o(.ARM.Collect$$libinit$$0000002E)
    __rt_lib_init_atexit_1                   0x000002e3   Thumb Code     0  libinit2.o(.ARM.Collect$$libinit$$0000001D)
    __rt_lib_init_clock_1                    0x000002e3   Thumb Code     0  libinit2.o(.ARM.Collect$$libinit$$00000023)
    __rt_lib_init_cpp_2                      0x000002e3   Thumb Code     0  libinit2.o(.ARM.Collect$$libinit$$00000033)
    __rt_lib_init_exceptions_1               0x000002e3   Thumb Code     0  libinit2.o(.ARM.Collect$$libinit$$00000032)
    __rt_lib_init_fp_1                       0x000002e3   Thumb Code     0  libinit2.o(.ARM.Collect$$libinit$$00000002)
    __rt_lib_init_fp_trap_1                  0x000002e3   Thumb Code     0  libinit2.o(.ARM.Collect$$libinit$$00000021)
    __rt_lib_init_getenv_1                   0x000002e3   Thumb Code     0  libinit2.o(.ARM.Collect$$libinit$$00000025)
    __rt_lib_init_heap_1                     0x000002e3   Thumb Code     0  libinit2.o(.ARM.Collect$$libinit$$0000000C)
    __rt_lib_init_lc_collate_1               0x000002e3   Thumb Code     0  libinit2.o(.ARM.Collect$$libinit$$00000013)
    __rt_lib_init_lc_ctype_1                 0x000002e3   Thumb Code     0  libinit2.o(.ARM.Collect$$libinit$$00000015)
    __rt_lib_init_lc_monetary_1              0x000002e3   Thumb Code     0  libinit2.o(.ARM.Collect$$libinit$$00000017)
    __rt_lib_init_lc_numeric_1               0x000002e3   Thumb Code     0  libinit2.o(.ARM.Collect$$libinit$$00000019)
    __rt_lib_init_lc_time_1                  0x000002e3   Thumb Code     0  libinit2.o(.ARM.Collect$$libinit$$0000001B)
    __rt_lib_init_preinit_1                  0x000002e3   Thumb Code     0  libinit2.o(.ARM.Collect$$libinit$$00000006)
    __rt_lib_init_rand_1                     0x000002e3   Thumb Code     0  libinit2.o(.ARM.Collect$$libinit$$00000010)
    __rt_lib_init_relocate_pie_1             0x000002e3   Thumb Code     0  libinit2.o(.ARM.Collect$$libinit$$00000004)
    __rt_lib_init_signal_1                   0x000002e3   Thumb Code     0  libinit2.o(.ARM.Collect$$libinit$$0000001F)
    __rt_lib_init_stdio_1                    0x000002e3   Thumb Code     0  libinit2.o(.ARM.Collect$$libinit$$00000027)
    __rt_lib_init_user_alloc_1               0x000002e3   Thumb Code     0  libinit2.o(.ARM.Collect$$libinit$$0000000E)
    __rt_lib_init_cpp_1                      0x000002e7   Thumb Code     0  libinit2.o(.ARM.Collect$$libinit$$00000034)
    __rt_lib_init_return                     0x000002e7   Thumb Code     0  libinit2.o(.ARM.Collect$$libinit$$00000035)
    __rt_lib_shutdown                        0x000002e9   Thumb Code     0  libshutdown.o(.ARM.Collect$$libshutdown$$00000000)
    __rt_lib_shutdown_cpp_1                  0x000002eb   Thumb Code     0  libshutdown2.o(.ARM.Collect$$libshutdown$$00000002)
    __rt_lib_shutdown_fp_trap_1              0x000002eb   Thumb Code     0  libshutdown2.o(.ARM.Collect$$libshutdown$$00000007)
    __rt_lib_shutdown_heap_1                 0x000002eb   Thumb Code     0  libshutdown2.o(.ARM.Collect$$libshutdown$$0000000F)
    __rt_lib_shutdown_return                 0x000002eb   Thumb Code     0  libshutdown2.o(.ARM.Collect$$libshutdown$$00000010)
    __rt_lib_shutdown_signal_1               0x000002eb   Thumb Code     0  libshutdown2.o(.ARM.Collect$$libshutdown$$0000000A)
    __rt_lib_shutdown_stdio_1                0x000002eb   Thumb Code     0  libshutdown2.o(.ARM.Collect$$libshutdown$$00000004)
    __rt_lib_shutdown_user_alloc_1           0x000002eb   Thumb Code     0  libshutdown2.o(.ARM.Collect$$libshutdown$$0000000C)
    __rt_entry                               0x000002ed   Thumb Code     0  __rtentry.o(.ARM.Collect$$rtentry$$00000000)
    __rt_entry_presh_1                       0x000002ed   Thumb Code     0  __rtentry2.o(.ARM.Collect$$rtentry$$00000002)
    __rt_entry_sh                            0x000002ed   Thumb Code     0  __rtentry4.o(.ARM.Collect$$rtentry$$00000004)
    __rt_entry_li                            0x000002f3   Thumb Code     0  __rtentry2.o(.ARM.Collect$$rtentry$$0000000A)
    __rt_entry_postsh_1                      0x000002f3   Thumb Code     0  __rtentry2.o(.ARM.Collect$$rtentry$$00000009)
    __rt_entry_main                          0x000002f7   Thumb Code     0  __rtentry2.o(.ARM.Collect$$rtentry$$0000000D)
    __rt_entry_postli_1                      0x000002f7   Thumb Code     0  __rtentry2.o(.ARM.Collect$$rtentry$$0000000C)
    __rt_exit                                0x000002ff   Thumb Code     0  rtexit.o(.ARM.Collect$$rtexit$$00000000)
    __rt_exit_ls                             0x00000301   Thumb Code     0  rtexit2.o(.ARM.Collect$$rtexit$$00000003)
    __rt_exit_prels_1                        0x00000301   Thumb Code     0  rtexit2.o(.ARM.Collect$$rtexit$$00000002)
    __rt_exit_exit                           0x00000305   Thumb Code     0  rtexit2.o(.ARM.Collect$$rtexit$$00000004)
    Reset_Handler                            0x0000030d   Thumb Code     4  startup_tm4c123.o(.text)
    DisableInterrupts                        0x00000311   Thumb Code     4  startup_tm4c123.o(.text)
    EnableInterrupts                         0x00000315   Thumb Code     4  startup_tm4c123.o(.text)
    StartCritical                            0x00000319   Thumb Code     8  startup_tm4c123.o(.text)
    EndCritical                              0x00000321   Thumb Code     6  startup_tm4c123.o(.text)
    WaitForInterrupt                         0x00000327   Thumb Code     4  startup_tm4c123.o(.text)
    NMI_Handler                              0x0000032b   Thumb Code     2  startup_tm4c123.o(.text)
    HardFault_Handler                        0x0000032d   Thumb Code     2  startup_tm4c123.o(.text)
    MemManage_Handler                        0x0000032f   Thumb Code     2  startup_tm4c123.o(.text)
    BusFault_Handler                         0x00000331   Thumb Code     2  startup_tm4c123.o(.text)
    UsageFault_Handler                       0x00000333   Thumb Code     2  startup_tm4c123.o(.text)
    SVC_Handler                              0x00000335   Thumb Code     2  startup_tm4c123.o(.text)
    DebugMon_Handler                         0x00000337   Thumb Code     2  startup_tm4c123.o(.text)
    PendSV_Handler                           0x00000339   Thumb Code     2  startup_tm4c123.o(.text)
    SysTick_Handler                          0x0000033b   Thumb Code     2  startup_tm4c123.o(.text)
    GPIOA_Handler                            0x0000033d   Thumb Code     2  startup_tm4c123.o(.text)
    GPIOB_Handler                            0x0000033f   Thumb Code     2  startup_tm4c123.o(.text)
    GPIOC_Handler                            0x00000341   Thumb Code     2  startup_tm4c123.o(.text)
    GPIOD_Handler                            0x00000343   Thumb Code     2  startup_tm4c123.o(.text)
    GPIOE_Handler                            0x00000345   Thumb Code     2  startup_tm4c123.o(.text)
    UART0_Handler                            0x00000347   Thumb Code     2  startup_tm4c123.o(.text)
    SSI0_Handler                             0x0000034b   Thumb Code     2  startup_tm4c123.o(.text)
    I2C0_Handler                             0x0000034d   Thumb Code     2  startup_tm4c123.o(.text)
    PMW0_FAULT_Handler                       0x0000034f   Thumb Code     2  startup_tm4c123.o(.text)
    PWM0_0_Handler                           0x00000351   Thumb Code     2  startup_tm4c123.o(.text)
    PWM0_1_Handler                           0x00000353   Thumb Code     2  startup_tm4c123.o(.text)
    PWM0_2_Handler                           0x00000355   Thumb Code     2  startup_tm4c123.o(.text)
    QEI0_Handler                             0x00000357   Thumb Code     2  startup_tm4c123.o(.text)
    ADC0SS0_Handler                          0x00000359   Thumb Code     2  startup_tm4c123.o(.text)
    ADC0SS1_Handler                          0x0000035b   Thumb Code     2  startup_tm4c123.o(.text)
    ADC0SS2_Handler                          0x0000035d   Thumb Code     2  startup_tm4c123.o(.text)
    ADC0SS3_Handler                          0x0000035f   Thumb Code     2  startup_tm4c123.o(.text)
    WDT0_Handler                             0x00000361   Thumb Code     2  startup_tm4c123.o(.text)
    TIMER0B_Handler                          0x00000365   Thumb Code     2  startup_tm4c123.o(.text)
    TIMER1B_Handler                          0x00000369   Thumb Code     2  startup_tm4c123.o(.text)
    TIMER2A_Handler                          0x0000036b   Thumb Code     2  startup_tm4c123.o(.text)
    TIMER2B_Handler                          0x0000036d   Thumb Code     2  startup_tm4c123.o(.text)
    COMP0_Handler                            0x0000036f   Thumb Code     2  startup_tm4c123.o(.text)
    COMP1_Handler                            0x00000371   Thumb Code     2  startup_tm4c123.o(.text)
    COMP2_Handler                            0x00000373   Thumb Code     2  startup_tm4c123.o(.text)
    SYSCTL_Handler                           0x00000375   Thumb Code     2  startup_tm4c123.o(.text)
    FLASH_Handler                            0x00000377   Thumb Code     2  startup_tm4c123.o(.text)
    GPIOF_Handler                            0x00000379   Thumb Code     2  startup_tm4c123.o(.text)
    GPIOG_Handler                            0x0000037b   Thumb Code     2  startup_tm4c123.o(.text)
    GPIOH_Handler                            0x0000037d   Thumb Code     2  startup_tm4c123.o(.text)
    UART2_Handler                            0x0000037f   Thumb Code     2  startup_tm4c123.o(.text)
    SSI1_Handler                             0x00000381   Thumb Code     2  startup_tm4c123.o(.text)
    TIMER3A_Handler                          0x00000383   Thumb Code     2  startup_tm4c123.o(.text)
    TIMER3B_Handler                          0x00000385   Thumb Code     2  startup_tm4c123.o(.text)
    I2C1_Handler                             0x00000387   Thumb Code     2  startup_tm4c123.o(.text)
    QEI1_Handler                             0x00000389   Thumb Code     2  startup_tm4c123.o(.text)
    CAN0_Handler                             0x0000038b   Thumb Code     2  startup_tm4c123.o(.text)
    CAN1_Handler                             0x0000038d   Thumb Code     2  startup_tm4c123.o(.text)
    CAN2_Handler                             0x0000038f   Thumb Code     2  startup_tm4c123.o(.text)
    HIB_Handler                              0x00000391   Thumb Code     2  startup_tm4c123.o(.text)
    USB0_Handler                             0x00000393   Thumb Code     2  startup_tm4c123.o(.text)
    PWM0_3_Handler                           0x00000395   Thumb Code     2  startup_tm4c123.o(.text)
    UDMA_Handler                             0x00000397   Thumb Code     2  startup_tm4c123.o(.text)
    UDMAERR_Handler                          0x00000399   Thumb Code     2  startup_tm4c123.o(.text)
    ADC1SS0_Handler                          0x0000039b   Thumb Code     2  startup_tm4c123.o(.text)
    ADC1SS1_Handler                          0x0000039d   Thumb Code     2  startup_tm4c123.o(.text)
    ADC1SS2_Handler                          0x0000039f   Thumb Code     2  startup_tm4c123.o(.text)
    ADC1SS3_Handler                          0x000003a1   Thumb Code     2  startup_tm4c123.o(.text)
    GPIOJ_Handler                            0x000003a3   Thumb Code     2  startup_tm4c123.o(.text)
    GPIOK_Handler                            0x000003a5   Thumb Code     2  startup_tm4c123.o(.text)
    GPIOL_Handler                            0x000003a7   Thumb Code     2  startup_tm4c123.o(.text)
    SSI2_Handler                             0x000003a9   Thumb Code     2  startup_tm4c123.o(.text)
    SSI3_Handler                             0x000003ab   Thumb Code     2  startup_tm4c123.o(.text)
    UART3_Handler                            0x000003ad   Thumb Code     2  startup_tm4c123.o(.text)
    UART4_Handler                            0x000003af   Thumb Code     2  startup_tm4c123.o(.text)
    UART5_Handler                            0x000003b1   Thumb Code     2  startup_tm4c123.o(.text)
    UART6_Handler                            0x000003b3   Thumb Code     2  startup_tm4c123.o(.text)
    UART7_Handler                            0x000003b5   Thumb Code     2  startup_tm4c123.o(.text)
    I2C2_Handler                             0x000003b7   Thumb Code     2  startup_tm4c123.o(.text)
    I2C3_Handler                             0x000003b9   Thumb Code     2  startup_tm4c123.o(.text)
    TIMER4A_Handler                          0x000003bb   Thumb Code     2  startup_tm4c123.o(.text)
    TIMER4B_Handler                          0x000003bd   Thumb Code     2  startup_tm4c123.o(.text)
    TIMER5B_Handler                          0x000003c1   Thumb Code     2  startup_tm4c123.o(.text)
    WTIMER0A_Handler                         0x000003c3   Thumb Code     2  startup_tm4c123.o(.text)
    WTIMER0B_Handler                         0x000003c5   Thumb Code     2  startup_tm4c123.o(.text)
    WTIMER1A_Handler                         0x000003c7   Thumb Code     2  startup_tm4c123.o(.text)
    WTIMER1B_Handler                         0x000003c9   Thumb Code     2  startup_tm4c123.o(.text)
    WTIMER2A_Handler                         0x000003cb   Thumb Code     2  startup_tm4c123.o(.text)
    WTIMER2B_Handler                         0x000003cd   Thumb Code     2  startup_tm4c123.o(.text)
    WTIMER3A_Handler                         0x000003cf   Thumb Code     2  startup_tm4c123.o(.text)
    WTIMER3B_Handler                         0x000003d1   Thumb Code     2  startup_tm4c123.o(.text)
    WTIMER4A_Handler                         0x000003d3   Thumb Code     2  startup_tm4c123.o(.text)
    WTIMER4B_Handler                         0x000003d5   Thumb Code     2  startup_tm4c123.o(.text)
    WTIMER5A_Handler                         0x000003d7   Thumb Code     2  startup_tm4c123.o(.text)
    WTIMER5B_Handler                         0x000003d9   Thumb Code     2  startup_tm4c123.o(.text)
    FPU_Handler                              0x000003db   Thumb Code     2  startup_tm4c123.o(.text)
    I2C4_Handler                             0x000003dd   Thumb Code     2  startup_tm4c123.o(.text)
    I2C5_Handler                             0x000003df   Thumb Code     2  startup_tm4c123.o(.text)
    GPIOM_Handler                            0x000003e1   Thumb Code     2  startup_tm4c123.o(.text)
    GPION_Handler                            0x000003e3   Thumb Code     2  startup_tm4c123.o(.text)
    QEI2_Handler                             0x000003e5   Thumb Code     2  startup_tm4c123.o(.text)
    GPIOP0_Handler                           0x000003e7   Thumb Code     2  startup_tm4c123.o(.text)
    GPIOP1_Handler                           0x000003e9   Thumb Code     2  startup_tm4c123.o(.text)
    GPIOP2_Handler                           0x000003eb   Thumb Code     2  startup_tm4c123.o(.text)
    GPIOP3_Handler                           0x000003ed   Thumb Code     2  startup_tm4c123.o(.text)
    GPIOP4_Handler                           0x000003ef   Thumb Code     2  startup_tm4c123.o(.text)
    GPIOP5_Handler                           0x000003f1   Thumb Code     2  startup_tm4c123.o(.text)
    GPIOP6_Handler                           0x000003f3   Thumb Code     2  startup_tm4c123.o(.text)
    GPIOP7_Handler                           0x000003f5   Thumb Code     2  startup_tm4c123.o(.text)
    GPIOQ0_Handler                           0x000003f7   Thumb Code     2  startup_tm4c123.o(.text)
    GPIOQ1_Handler                           0x000003f9   Thumb Code     2  startup_tm4c123.o(.text)
    GPIOQ2_Handler                           0x000003fb   Thumb Code     2  startup_tm4c123.o(.text)
    GPIOQ3_Handler                           0x000003fd   Thumb Code     2  startup_tm4c123.o(.text)
    GPIOQ4_Handler                           0x000003ff   Thumb Code     2  startup_tm4c123.o(.text)
    GPIOQ5_Handler                           0x00000401   Thumb Code     2  startup_tm4c123.o(.text)
    GPIOQ6_Handler                           0x00000403   Thumb Code     2  startup_tm4c123.o(.text)
    GPIOQ7_Handler                           0x00000405   Thumb Code     2  startup_tm4c123.o(.text)
    GPIOR_Handler                            0x00000407   Thumb Code     2  startup_tm4c123.o(.text)
    GPIOS_Handler                            0x00000409   Thumb Code     2  startup_tm4c123.o(.text)
    PMW1_0_Handler                           0x0000040b   Thumb Code     2  startup_tm4c123.o(.text)
    PWM1_1_Handler                           0x0000040d   Thumb Code     2  startup_tm4c123.o(.text)
    PWM1_2_Handler                           0x0000040f   Thumb Code     2  startup_tm4c123.o(.text)
    PWM1_3_Handler                           0x00000411   Thumb Code     2  startup_tm4c123.o(.text)
    PWM1_FAULT_Handler                       0x00000413   Thumb Code     2  startup_tm4c123.o(.text)
    __user_initial_stackheap                 0x00000415   Thumb Code     0  startup_tm4c123.o(.text)
    Shoot()                                  0x0000044d   Thumb Code    52  main.o(.text)
    Move()                                   0x00000481   Thumb Code   142  main.o(.text)
    background()                             0x00000511   Thumb Code   452  main.o(.text)
    Draw()                                   0x000006d5   Thumb Code   340  main.o(.text)
    clock()                                  0x00000829   Thumb Code    16  main.o(.text)
    switchInit()                             0x00000839   Thumb Code    58  main.o(.text)
    main                                     0x00000875   Thumb Code   506  main.o(.text)
    PLL_Init(unsigned int)                   0x00000a79   Thumb Code   138  pll.o(.text)
    Random_Init(unsigned int)                0x00000b05   Thumb Code    20  random.o(.text)
    Random32()                               0x00000b19   Thumb Code    36  random.o(.text)
    Random()                                 0x00000b3d   Thumb Code    36  random.o(.text)
    Delay1ms(unsigned int)                   0x00000b61   Thumb Code    46  st7735.o(.text)
    ST7735_InitB()                           0x00000b91   Thumb Code    50  st7735.o(.text)
    ST7735_SetCursor(unsigned int, unsigned int) 0x00000d69   Thumb Code    54  st7735.o(.text)
    ST7735_FillScreen(unsigned short)        0x00000da1   Thumb Code    52  st7735.o(.text)
    ST7735_InitR(initRFlags)                 0x00000dd5   Thumb Code   166  st7735.o(.text)
    ST7735_DrawPixel(short, short, unsigned short) 0x00000fc1   Thumb Code   116  st7735.o(.text)
    ST7735_DrawFastVLine(short, short, short, unsigned short) 0x00001109   Thumb Code   204  st7735.o(.text)
    ST7735_DrawFastHLine(short, short, short, unsigned short) 0x000011d5   Thumb Code   204  st7735.o(.text)
    ST7735_FillRect(short, short, short, short, unsigned short) 0x000012a1   Thumb Code   324  st7735.o(.text)
    ST7735_DrawSmallCircle(short, short, unsigned short) 0x000013e5   Thumb Code   218  st7735.o(.text)
    ST7735_DrawCircle(short, short, unsigned short) 0x000014c1   Thumb Code   218  st7735.o(.text)
    ST7735_Color565(unsigned char, unsigned char, unsigned char) 0x0000159d   Thumb Code    48  st7735.o(.text)
    ST7735_SwapColor(unsigned short)         0x000015cd   Thumb Code    28  st7735.o(.text)
    ST7735_DrawBitmap(short, short, unsigned short const*, short, short) 0x000015e9   Thumb Code   594  st7735.o(.text)
    ST7735_DrawCharS(short, short, char, short, short, unsigned char) 0x0000183d   Thumb Code   438  st7735.o(.text)
    ST7735_DrawChar(short, short, char, short, short, unsigned char) 0x000019f5   Thumb Code   438  st7735.o(.text)
    ST7735_DrawString(unsigned short, unsigned short, char*, short) 0x00001bad   Thumb Code   154  st7735.o(.text)
    fillmessage(unsigned int)                0x00001c49   Thumb Code   112  st7735.o(.text)
    ST7735_OutUDec(unsigned int)             0x00001cb9   Thumb Code   166  st7735.o(.text)
    ST7735_OutFix(unsigned int)              0x00001d61   Thumb Code   190  st7735.o(.text)
    ST7735_OutString                         0x00001e21   Thumb Code    36  st7735.o(.text)
    ST7735_OutChar                           0x00001e45   Thumb Code   270  st7735.o(.text)
    ST7735_SetRotation(unsigned char)        0x00001f55   Thumb Code   294  st7735.o(.text)
    ST7735_InvertDisplay(int)                0x0000207d   Thumb Code    36  st7735.o(.text)
    ST7735_PlotClear(int, int)               0x000020a1   Thumb Code   144  st7735.o(.text)
    ST7735_PlotPoint(int)                    0x00002131   Thumb Code   222  st7735.o(.text)
    ST7735_PlotLine(int)                     0x00002211   Thumb Code   462  st7735.o(.text)
    ST7735_PlotPoints(int, int)              0x000023e1   Thumb Code   314  st7735.o(.text)
    ST7735_PlotBar(int)                      0x0000251d   Thumb Code   138  st7735.o(.text)
    ST7735_PlotdBfs(int)                     0x000025a9   Thumb Code    96  st7735.o(.text)
    ST7735_PlotNext()                        0x00002609   Thumb Code    48  st7735.o(.text)
    ST7735_PlotNextErase()                   0x00002639   Thumb Code    90  st7735.o(.text)
    ST7735_SetTextColor(unsigned short)      0x00002695   Thumb Code    24  st7735.o(.text)
    Output_Init()                            0x000026ad   Thumb Code    16  st7735.o(.text)
    Output_Clear()                           0x000026bd   Thumb Code    10  st7735.o(.text)
    Output_Off()                             0x000026c9   Thumb Code     8  st7735.o(.text)
    Output_On()                              0x000026d1   Thumb Code     8  st7735.o(.text)
    Output_Color(unsigned int)               0x000026d9   Thumb Code    18  st7735.o(.text)
    ADC_Init()                               0x000026ed   Thumb Code   262  slidepot.o(.text)
    ADC_In()                                 0x000027f5   Thumb Code    70  slidepot.o(.text)
    SlidePot::SlidePot(unsigned int, unsigned int) 0x0000283d   Thumb Code    22  slidepot.o(.text)
    SlidePot::SlidePot__sub_object(unsigned int, unsigned int) 0x0000283d   Thumb Code    22  slidepot.o(.text)
    SlidePot::Save(unsigned int)             0x00002855   Thumb Code    34  slidepot.o(.text)
    SlidePot::Convert(unsigned int)          0x00002879   Thumb Code    20  slidepot.o(.text)
    SlidePot::Sync()                         0x0000288d   Thumb Code    30  slidepot.o(.text)
    SlidePot::ADCsample()                    0x000028ad   Thumb Code    12  slidepot.o(.text)
    SlidePot::Distance()                     0x000028b9   Thumb Code    12  slidepot.o(.text)
    Timer0_Init(void (*)(), unsigned int)    0x000028c5   Thumb Code   140  timer0.o(.text)
    TIMER0A_Handler                          0x00002951   Thumb Code    72  timer0.o(.text)
    Timer1_Init(void (*)(), unsigned int)    0x00002999   Thumb Code   154  timer1.o(.text)
    TIMER1A_Handler                          0x00002a35   Thumb Code    28  timer1.o(.text)
    UART_Init()                              0x00002a61   Thumb Code     2  uart.o(.text)
    UART_InChar()                            0x00002a65   Thumb Code    10  uart.o(.text)
    UART_InStatus()                          0x00002a71   Thumb Code     4  uart.o(.text)
    UART_OutChar(char)                       0x00002a75   Thumb Code    10  uart.o(.text)
    UART1_Handler                            0x00002a81   Thumb Code     2  uart.o(.text)
    UART_OutString(char*)                    0x00002a85   Thumb Code    36  uart.o(.text)
    UART_OutUDec(unsigned int)               0x00002aa9   Thumb Code    72  uart.o(.text)
    UART_InMessage(char*)                    0x00002af1   Thumb Code     8  uart.o(.text)
    Queue::Queue()                           0x00002b01   Thumb Code    10  fifo.o(.text)
    Queue::Queue__sub_object()               0x00002b01   Thumb Code    10  fifo.o(.text)
    Queue::IsEmpty()                         0x00002b0d   Thumb Code    10  fifo.o(.text)
    Queue::IsFull()                          0x00002b19   Thumb Code    10  fifo.o(.text)
    Queue::Put(char)                         0x00002b25   Thumb Code    14  fifo.o(.text)
    Queue::Get(char*)                        0x00002b35   Thumb Code    12  fifo.o(.text)
    Queue::Print()                           0x00002b41   Thumb Code     8  fifo.o(.text)
    TExaS_Init()                             0x00002b49   Thumb Code   150  texas.o(.text)
    UART0_Init()                             0x00002be1   Thumb Code   192  texas.o(.text)
    ADC1_Init()                              0x00002ca1   Thumb Code   244  texas.o(.text)
    TIMER5A_Handler                          0x00002d95   Thumb Code    36  texas.o(.text)
    TExaS_Stop()                             0x00002db9   Thumb Code    28  texas.o(.text)
    __use_two_region_memory                  0x00002dd5   Thumb Code     2  heapauxi.o(.text)
    __rt_heap_escrow$2region                 0x00002dd7   Thumb Code     2  heapauxi.o(.text)
    __rt_heap_expand$2region                 0x00002dd9   Thumb Code     2  heapauxi.o(.text)
    __cpp_initialize__aeabi_                 0x00002ddd   Thumb Code    28  init_aeabi.o(.text)
    __user_setup_stackheap                   0x00002e01   Thumb Code    74  sys_stackheap_outer.o(.text)
    exit                                     0x00002e4b   Thumb Code    18  exit.o(.text)
    __user_libspace                          0x00002e5d   Thumb Code     8  libspace.o(.text)
    __user_perproc_libspace                  0x00002e5d   Thumb Code     0  libspace.o(.text)
    __user_perthread_libspace                0x00002e5d   Thumb Code     0  libspace.o(.text)
    __I$use$semihosting                      0x00002e65   Thumb Code     0  use_no_semi.o(.text)
    __use_no_semihosting_swi                 0x00002e65   Thumb Code     2  use_no_semi.o(.text)
    __semihosting_library_function           0x00002e67   Thumb Code     0  indicate_semi.o(.text)
    _sys_exit                                0x00002e69   Thumb Code     8  sys_exit.o(.text)
    Region$$Table$$Base                      0x00004324   Number         0  anon$$obj.o(Region$$Table)
    Region$$Table$$Limit                     0x00004344   Number         0  anon$$obj.o(Region$$Table)
    SHT$$INIT_ARRAY$$Base                    0x00004344   Number         0  main.o(.init_array)
    SHT$$INIT_ARRAY$$Limit                   0x0000434c   Number         0  init_aeabi.o(.init_array)
    StTextColor                              0x20000000   Data           2  st7735.o(.data.StTextColor)
    bill                                     0x20000008   Data          24  main.o(.data.bill)
    bullet                                   0x20000020   Data          24  main.o(.data.bullet)
    direction                                0x20000038   Data           4  main.o(.data.direction)
    player                                   0x2000003c   Data          72  main.o(.data.player)
    __libspace_start                         0x20000088   Data          96  libspace.o(.bss)
    Message                                  0x200000e8   Data          12  st7735.o(.bss.Message)
    __temporary_stack_top$libspace           0x200000e8   Data           0  libspace.o(.bss)
    Messageindex                             0x200000f4   Data           4  st7735.o(.bss.Messageindex)
    PeriodicTask0                            0x200000f8   Data           4  timer0.o(.bss.PeriodicTask0)
    PeriodicTask1                            0x200000fc   Data           4  timer1.o(.bss.PeriodicTask1)
    RxFifo                                   0x20000100   Data          40  uart.o(.bss.RxFifo)
    StX                                      0x20000128   Data           4  st7735.o(.bss.StX)
    StY                                      0x2000012c   Data           4  st7735.o(.bss.StY)
    X                                        0x20000130   Data           4  st7735.o(.bss.X)
    Ymax                                     0x20000134   Data           4  st7735.o(.bss.Ymax)
    Ymin                                     0x20000138   Data           4  st7735.o(.bss.Ymin)
    Yrange                                   0x2000013c   Data           4  st7735.o(.bss.Yrange)
    debug                                    0x20000148   Data           4  main.o(.bss.debug)
    lastSwitch                               0x2000014c   Data           4  main.o(.bss.lastSwitch)
    lastj                                    0x20000150   Data           4  st7735.o(.bss.lastj)
    my                                       0x20000154   Data          20  main.o(.bss.my)
    needToRedraw                             0x20000168   Data           4  main.o(.bss.needToRedraw)
    nowSwitch                                0x2000016c   Data           4  main.o(.bss.nowSwitch)
    position                                 0x20000170   Data           4  main.o(.bss.position)
    score                                    0x20000174   Data           4  main.o(.bss.score)
    startFire                                0x20000178   Data           4  main.o(.bss.startFire)
    time                                     0x2000017c   Data           4  main.o(.bss.time)



==============================================================================

Memory Map of the image

  Image Entry point : 0x0000026d

  Load Region LR_IROM1 (Base: 0x00000000, Size: 0x000043d8, Max: 0x00040000, ABSOLUTE)

    Execution Region ER_IROM1 (Exec base: 0x00000000, Load base: 0x00000000, Size: 0x0000434c, Max: 0x00040000, ABSOLUTE)

    Exec Addr    Load Addr    Size         Type   Attr      Idx    E Section Name        Object

    0x00000000   0x00000000   0x0000026c   Data   RO            3    RESET               startup_tm4c123.o
    0x0000026c   0x0000026c   0x00000008   Code   RO          156  * !!!main             c_w.l(__main.o)
    0x00000274   0x00000274   0x00000034   Code   RO          331    !!!scatter          c_w.l(__scatter.o)
    0x000002a8   0x000002a8   0x0000001a   Code   RO          333    !!handler_copy      c_w.l(__scatter_copy.o)
    0x000002c2   0x000002c2   0x00000002   PAD
    0x000002c4   0x000002c4   0x0000001c   Code   RO          335    !!handler_zi        c_w.l(__scatter_zi.o)
    0x000002e0   0x000002e0   0x00000002   Code   RO          248    .ARM.Collect$$libinit$$00000000  c_w.l(libinit.o)
    0x000002e2   0x000002e2   0x00000000   Code   RO          166    .ARM.Collect$$libinit$$00000002  c_w.l(libinit2.o)
    0x000002e2   0x000002e2   0x00000000   Code   RO          168    .ARM.Collect$$libinit$$00000004  c_w.l(libinit2.o)
    0x000002e2   0x000002e2   0x00000000   Code   RO          170    .ARM.Collect$$libinit$$00000006  c_w.l(libinit2.o)
    0x000002e2   0x000002e2   0x00000000   Code   RO          173    .ARM.Collect$$libinit$$0000000C  c_w.l(libinit2.o)
    0x000002e2   0x000002e2   0x00000000   Code   RO          175    .ARM.Collect$$libinit$$0000000E  c_w.l(libinit2.o)
    0x000002e2   0x000002e2   0x00000000   Code   RO          177    .ARM.Collect$$libinit$$00000010  c_w.l(libinit2.o)
    0x000002e2   0x000002e2   0x00000000   Code   RO          180    .ARM.Collect$$libinit$$00000013  c_w.l(libinit2.o)
    0x000002e2   0x000002e2   0x00000000   Code   RO          182    .ARM.Collect$$libinit$$00000015  c_w.l(libinit2.o)
    0x000002e2   0x000002e2   0x00000000   Code   RO          184    .ARM.Collect$$libinit$$00000017  c_w.l(libinit2.o)
    0x000002e2   0x000002e2   0x00000000   Code   RO          186    .ARM.Collect$$libinit$$00000019  c_w.l(libinit2.o)
    0x000002e2   0x000002e2   0x00000000   Code   RO          188    .ARM.Collect$$libinit$$0000001B  c_w.l(libinit2.o)
    0x000002e2   0x000002e2   0x00000000   Code   RO          190    .ARM.Collect$$libinit$$0000001D  c_w.l(libinit2.o)
    0x000002e2   0x000002e2   0x00000000   Code   RO          192    .ARM.Collect$$libinit$$0000001F  c_w.l(libinit2.o)
    0x000002e2   0x000002e2   0x00000000   Code   RO          194    .ARM.Collect$$libinit$$00000021  c_w.l(libinit2.o)
    0x000002e2   0x000002e2   0x00000000   Code   RO          196    .ARM.Collect$$libinit$$00000023  c_w.l(libinit2.o)
    0x000002e2   0x000002e2   0x00000000   Code   RO          198    .ARM.Collect$$libinit$$00000025  c_w.l(libinit2.o)
    0x000002e2   0x000002e2   0x00000000   Code   RO          200    .ARM.Collect$$libinit$$00000027  c_w.l(libinit2.o)
    0x000002e2   0x000002e2   0x00000000   Code   RO          204    .ARM.Collect$$libinit$$0000002E  c_w.l(libinit2.o)
    0x000002e2   0x000002e2   0x00000000   Code   RO          206    .ARM.Collect$$libinit$$00000030  c_w.l(libinit2.o)
    0x000002e2   0x000002e2   0x00000000   Code   RO          208    .ARM.Collect$$libinit$$00000032  c_w.l(libinit2.o)
    0x000002e2   0x000002e2   0x00000004   Code   RO          209    .ARM.Collect$$libinit$$00000033  c_w.l(libinit2.o)
    0x000002e6   0x000002e6   0x00000000   Code   RO          210    .ARM.Collect$$libinit$$00000034  c_w.l(libinit2.o)
    0x000002e6   0x000002e6   0x00000002   Code   RO          211    .ARM.Collect$$libinit$$00000035  c_w.l(libinit2.o)
    0x000002e8   0x000002e8   0x00000002   Code   RO          290    .ARM.Collect$$libshutdown$$00000000  c_w.l(libshutdown.o)
    0x000002ea   0x000002ea   0x00000000   Code   RO          298    .ARM.Collect$$libshutdown$$00000002  c_w.l(libshutdown2.o)
    0x000002ea   0x000002ea   0x00000000   Code   RO          300    .ARM.Collect$$libshutdown$$00000004  c_w.l(libshutdown2.o)
    0x000002ea   0x000002ea   0x00000000   Code   RO          303    .ARM.Collect$$libshutdown$$00000007  c_w.l(libshutdown2.o)
    0x000002ea   0x000002ea   0x00000000   Code   RO          306    .ARM.Collect$$libshutdown$$0000000A  c_w.l(libshutdown2.o)
    0x000002ea   0x000002ea   0x00000000   Code   RO          308    .ARM.Collect$$libshutdown$$0000000C  c_w.l(libshutdown2.o)
    0x000002ea   0x000002ea   0x00000000   Code   RO          311    .ARM.Collect$$libshutdown$$0000000F  c_w.l(libshutdown2.o)
    0x000002ea   0x000002ea   0x00000002   Code   RO          312    .ARM.Collect$$libshutdown$$00000010  c_w.l(libshutdown2.o)
    0x000002ec   0x000002ec   0x00000000   Code   RO          164    .ARM.Collect$$rtentry$$00000000  c_w.l(__rtentry.o)
    0x000002ec   0x000002ec   0x00000000   Code   RO          217    .ARM.Collect$$rtentry$$00000002  c_w.l(__rtentry2.o)
    0x000002ec   0x000002ec   0x00000006   Code   RO          229    .ARM.Collect$$rtentry$$00000004  c_w.l(__rtentry4.o)
    0x000002f2   0x000002f2   0x00000000   Code   RO          219    .ARM.Collect$$rtentry$$00000009  c_w.l(__rtentry2.o)
    0x000002f2   0x000002f2   0x00000004   Code   RO          220    .ARM.Collect$$rtentry$$0000000A  c_w.l(__rtentry2.o)
    0x000002f6   0x000002f6   0x00000000   Code   RO          222    .ARM.Collect$$rtentry$$0000000C  c_w.l(__rtentry2.o)
    0x000002f6   0x000002f6   0x00000008   Code   RO          223    .ARM.Collect$$rtentry$$0000000D  c_w.l(__rtentry2.o)
    0x000002fe   0x000002fe   0x00000002   Code   RO          256    .ARM.Collect$$rtexit$$00000000  c_w.l(rtexit.o)
    0x00000300   0x00000300   0x00000000   Code   RO          268    .ARM.Collect$$rtexit$$00000002  c_w.l(rtexit2.o)
    0x00000300   0x00000300   0x00000004   Code   RO          269    .ARM.Collect$$rtexit$$00000003  c_w.l(rtexit2.o)
    0x00000304   0x00000304   0x00000006   Code   RO          270    .ARM.Collect$$rtexit$$00000004  c_w.l(rtexit2.o)
    0x0000030a   0x0000030a   0x00000002   PAD
    0x0000030c   0x0000030c   0x00000128   Code   RO            4    .text               startup_tm4c123.o
    0x00000434   0x00000434   0x00000644   Code   RO           10    .text               main.o
    0x00000a78   0x00000a78   0x0000008a   Code   RO           51    .text               pll.o
    0x00000b02   0x00000b02   0x00000002   PAD
    0x00000b04   0x00000b04   0x0000005c   Code   RO           58    .text               random.o
    0x00000b60   0x00000b60   0x00001b8a   Code   RO           66    .text               st7735.o
    0x000026ea   0x000026ea   0x00000002   PAD
    0x000026ec   0x000026ec   0x000001d8   Code   RO           99    .text               slidepot.o
    0x000028c4   0x000028c4   0x000000d4   Code   RO          113    .text               timer0.o
    0x00002998   0x00002998   0x000000b8   Code   RO          121    .text               timer1.o
    0x00002a50   0x00002a50   0x000000b0   Code   RO          129    .text               uart.o
    0x00002b00   0x00002b00   0x00000048   Code   RO          138    .text               fifo.o
    0x00002b48   0x00002b48   0x0000028c   Code   RO          145    .text               texas.o
    0x00002dd4   0x00002dd4   0x00000006   Code   RO          154    .text               c_w.l(heapauxi.o)
    0x00002dda   0x00002dda   0x00000002   PAD
    0x00002ddc   0x00002ddc   0x00000024   Code   RO          161    .text               c_w.l(init_aeabi.o)
    0x00002e00   0x00002e00   0x0000004a   Code   RO          235    .text               c_w.l(sys_stackheap_outer.o)
    0x00002e4a   0x00002e4a   0x00000012   Code   RO          237    .text               c_w.l(exit.o)
    0x00002e5c   0x00002e5c   0x00000008   Code   RO          253    .text               c_w.l(libspace.o)
    0x00002e64   0x00002e64   0x00000002   Code   RO          264    .text               c_w.l(use_no_semi.o)
    0x00002e66   0x00002e66   0x00000000   Code   RO          266    .text               c_w.l(indicate_semi.o)
    0x00002e66   0x00002e66   0x00000002   PAD
    0x00002e68   0x00002e68   0x0000000c   Code   RO          280    .text               c_w.l(sys_exit.o)
    0x00002e74   0x00002e74   0x0000000d   Data   RO           73    .rodata._ZL10Rcmd2green  st7735.o
    0x00002e81   0x00002e81   0x00000001   PAD
    0x00002e82   0x00002e82   0x00000120   Data   RO           30    .rodata._ZL11PlayerShip0  main.o
    0x00002fa2   0x00002fa2   0x00000120   Data   RO           26    .rodata._ZL11blackShoot3  main.o
    0x000030c2   0x000030c2   0x00000024   Data   RO           81    .rodata._ZL11smallCircle  st7735.o
    0x000030e6   0x000030e6   0x00000140   Data   RO           32    .rodata._ZL18SmallEnemy10pointA  main.o
    0x00003226   0x00003226   0x00000140   Data   RO           33    .rodata._ZL18SmallEnemy10pointB  main.o
    0x00003366   0x00003366   0x00000140   Data   RO           34    .rodata._ZL18SmallEnemy20pointA  main.o
    0x000034a6   0x000034a6   0x00000140   Data   RO           29    .rodata._ZL18SmallEnemy20pointB  main.o
    0x000035e6   0x000035e6   0x00000140   Data   RO           35    .rodata._ZL18SmallEnemy30pointA  main.o
    0x00003726   0x00003726   0x00000140   Data   RO           36    .rodata._ZL18SmallEnemy30pointB  main.o
    0x00003866   0x00003866   0x00000067   Data   RO           71    .rodata._ZL4Bcmd    st7735.o
    0x000038cd   0x000038cd   0x000004fb   Data   RO           83    .rodata._ZL4Font    st7735.o
    0x00003dc8   0x00003dc8   0x00000200   Data   RO           93    .rodata._ZL4dBfs    st7735.o
    0x00003fc8   0x00003fc8   0x0000003b   Data   RO           72    .rodata._ZL5Rcmd1   st7735.o
    0x00004003   0x00004003   0x0000002b   Data   RO           77    .rodata._ZL5Rcmd3   st7735.o
    0x0000402e   0x0000402e   0x0000003c   Data   RO           82    .rodata._ZL6circle  st7735.o
    0x0000406a   0x0000406a   0x00000120   Data   RO           31    .rodata._ZL6shoot3  main.o
    0x0000418a   0x0000418a   0x0000000d   Data   RO           76    .rodata._ZL8Rcmd2red  st7735.o
    0x00004197   0x00004197   0x00000001   PAD
    0x00004198   0x00004198   0x00000140   Data   RO           27    .rodata._ZL9blackBill  main.o
    0x000042d8   0x000042d8   0x0000002e   Data   RO           28    .rodata.str1.1      main.o
    0x00004306   0x00004306   0x0000001c   Data   RO           86    .rodata.str1.1      st7735.o
    0x00004322   0x00004322   0x00000002   PAD
    0x00004324   0x00004324   0x00000020   Data   RO          330    Region$$Table       anon$$obj.o
    0x00004344   0x00004344   0x00000004   Data   RO           37    .init_array         main.o
    0x00004348   0x00004344   0x00000004   Data   RO          132    .init_array         uart.o
    0x0000434c   0x00004344   0x00000000   Data   RO          159    .init_array         c_w.l(init_aeabi.o)


    Execution Region RW_IRAM1 (Exec base: 0x20000000, Load base: 0x00004350, Size: 0x00000980, Max: 0x00008000, ABSOLUTE)

    Exec Addr    Load Addr    Size         Type   Attr      Idx    E Section Name        Object

    0x20000000   0x00004350   0x00000002   Data   RW           70    .data.StTextColor   st7735.o
    0x20000002   0x00004352   0x00000002   Data   RW           79    .data._ZL6_width    st7735.o
    0x20000004   0x00004354   0x00000002   Data   RW           80    .data._ZL7_height   st7735.o
    0x20000006   0x00004356   0x00000002   PAD
    0x20000008   0x00004358   0x00000018   Data   RW           13    .data.bill          main.o
    0x20000020   0x00004370   0x00000018   Data   RW           15    .data.bullet        main.o
    0x20000038   0x00004388   0x00000004   Data   RW           19    .data.direction     main.o
    0x2000003c   0x0000438c   0x00000048   Data   RW           14    .data.player        main.o
    0x20000084   0x000043d4   0x00000004   PAD
    0x20000088        -       0x00000060   Zero   RW          254    .bss                c_w.l(libspace.o)
    0x200000e8        -       0x0000000c   Zero   RW           84    .bss.Message        st7735.o
    0x200000f4        -       0x00000004   Zero   RW           85    .bss.Messageindex   st7735.o
    0x200000f8        -       0x00000004   Zero   RW          115    .bss.PeriodicTask0  timer0.o
    0x200000fc        -       0x00000004   Zero   RW          123    .bss.PeriodicTask1  timer1.o
    0x20000100        -       0x00000028   Zero   RW          131    .bss.RxFifo         uart.o
    0x20000128        -       0x00000004   Zero   RW           68    .bss.StX            st7735.o
    0x2000012c        -       0x00000004   Zero   RW           69    .bss.StY            st7735.o
    0x20000130        -       0x00000004   Zero   RW           90    .bss.X              st7735.o
    0x20000134        -       0x00000004   Zero   RW           88    .bss.Ymax           st7735.o
    0x20000138        -       0x00000004   Zero   RW           89    .bss.Ymin           st7735.o
    0x2000013c        -       0x00000004   Zero   RW           91    .bss.Yrange         st7735.o
    0x20000140        -       0x00000004   Zero   RW           60    .bss._ZL1M          random.o
    0x20000144        -       0x00000001   Zero   RW           74    .bss._ZL8ColStart   st7735.o
    0x20000145        -       0x00000001   Zero   RW           87    .bss._ZL8Rotation   st7735.o
    0x20000146        -       0x00000001   Zero   RW           75    .bss._ZL8RowStart   st7735.o
    0x20000147        -       0x00000001   Zero   RW           78    .bss._ZL8TabColor   st7735.o
    0x20000148        -       0x00000004   Zero   RW           25    .bss.debug          main.o
    0x2000014c        -       0x00000004   Zero   RW           21    .bss.lastSwitch     main.o
    0x20000150        -       0x00000004   Zero   RW           92    .bss.lastj          st7735.o
    0x20000154        -       0x00000014   Zero   RW           12    .bss.my             main.o
    0x20000168        -       0x00000004   Zero   RW           20    .bss.needToRedraw   main.o
    0x2000016c        -       0x00000004   Zero   RW           22    .bss.nowSwitch      main.o
    0x20000170        -       0x00000004   Zero   RW           18    .bss.position       main.o
    0x20000174        -       0x00000004   Zero   RW           17    .bss.score          main.o
    0x20000178        -       0x00000004   Zero   RW           23    .bss.startFire      main.o
    0x2000017c        -       0x00000004   Zero   RW           16    .bss.time           main.o
    0x20000180        -       0x00000400   Zero   RW            2    HEAP                startup_tm4c123.o
    0x20000580        -       0x00000400   Zero   RW            1    STACK               startup_tm4c123.o


==============================================================================

Image component sizes


      Code (inc. data)   RO Data    RW Data    ZI Data      Debug   Object Name

        72          0          0          0          0       2382   fifo.o
      1604          0       3154        124         52       4445   main.o
       138          0          0          0          0       1559   pll.o
        92          0          0          0          4       1737   random.o
       472          0          0          0          0       2849   slidepot.o
      7050          4       2142          6         48      13565   st7735.o
       296         22        620          0       2048       5588   startup_tm4c123.o
       652          0          0          0          0       2056   texas.o
       212          0          0          0          4       1759   timer0.o
       184          0          0          0          4       1742   timer1.o
       176          0          4          0         40       2553   uart.o

    ----------------------------------------------------------------------
     10952         26       5956        132       2204      40235   Object Totals
         0          0         32          0          0          0   (incl. Generated)
         4          0          4          2          4          0   (incl. Padding)

    ----------------------------------------------------------------------

      Code (inc. data)   RO Data    RW Data    ZI Data      Debug   Library Member Name

         8          0          0          0          0         68   __main.o
         0          0          0          0          0          0   __rtentry.o
        12          0          0          0          0          0   __rtentry2.o
         6          0          0          0          0          0   __rtentry4.o
        52          8          0          0          0          0   __scatter.o
        26          0          0          0          0          0   __scatter_copy.o
        28          0          0          0          0          0   __scatter_zi.o
        18          0          0          0          0         80   exit.o
         6          0          0          0          0        152   heapauxi.o
         0          0          0          0          0          0   indicate_semi.o
        36          8          0          0          0         80   init_aeabi.o
         2          0          0          0          0          0   libinit.o
         6          0          0          0          0          0   libinit2.o
         2          0          0          0          0          0   libshutdown.o
         2          0          0          0          0          0   libshutdown2.o
         8          4          0          0         96         68   libspace.o
         2          0          0          0          0          0   rtexit.o
        10          0          0          0          0          0   rtexit2.o
        12          4          0          0          0         68   sys_exit.o
        74          0          0          0          0         80   sys_stackheap_outer.o
         2          0          0          0          0         68   use_no_semi.o

    ----------------------------------------------------------------------
       320         24          0          0         96        664   Library Totals
         8          0          0          0          0          0   (incl. Padding)

    ----------------------------------------------------------------------

      Code (inc. data)   RO Data    RW Data    ZI Data      Debug   Library Name

       312         24          0          0         96        664   c_w.l

    ----------------------------------------------------------------------
       320         24          0          0         96        664   Library Totals

    ----------------------------------------------------------------------

==============================================================================


      Code (inc. data)   RO Data    RW Data    ZI Data      Debug   

     11272         50       5956        132       2300      40559   Grand Totals
     11272         50       5956        132       2300      40559   ELF Image Totals
     11272         50       5956        132          0          0   ROM Totals

==============================================================================

    Total RO  Size (Code + RO Data)                17228 (  16.82kB)
    Total RW  Size (RW Data + ZI Data)              2432 (   2.38kB)
    Total ROM Size (Code + RO Data + RW Data)      17360 (  16.95kB)

==============================================================================

